Component: ARM Compiler 5.05 update 1 (build 106) Tool: armlink [4d0efa]

==============================================================================

Section Cross References

    main.o(.text) refers to stm32f10x_usart.o(.text) for USART_GetFlagStatus
    main.o(.text) refers to delay.o(.text) for delay_init
    main.o(.text) refers to misc.o(.text) for NVIC_PriorityGroupConfig
    main.o(.text) refers to usart.o(.text) for uart_init
    main.o(.text) refers to uart3.o(.text) for Initial_UART3
    main.o(.text) refers to adc.o(.text) for Adc_Init
    main.o(.text) refers to key.o(.text) for KEY_Init
    main.o(.text) refers to myiic.o(.text) for IIC_Init
    main.o(.text) refers to pca9685.o(.text) for pca_write
    main.o(.text) refers to tim.o(.text) for TIM3_Config
    main.o(.text) refers to main.o(.data) for actuation
    main.o(.text) refers to main.o(.bss) for ucccRxBuffer
    stm32f10x_it.o(.text) refers to _printf_percent.o(.ARM.Collect$$_printf_percent$$00000000) for _printf_percent
    stm32f10x_it.o(.text) refers to _printf_x.o(.ARM.Collect$$_printf_percent$$0000000C) for _printf_x
    stm32f10x_it.o(.text) refers to _printf_hex_int.o(.text) for _printf_longlong_hex
    stm32f10x_it.o(.text) refers to noretval__2printf.o(.text) for __2printf
    stm32f10x_it.o(.text) refers to stm32f10x_it.o(.data) for stacked_r0
    system_stm32f10x.o(.text) refers to system_stm32f10x.o(.data) for SystemCoreClock
    key.o(.text) refers to stm32f10x_rcc.o(.text) for RCC_APB2PeriphClockCmd
    key.o(.text) refers to stm32f10x_gpio.o(.text) for GPIO_Init
    key.o(.text) refers to delay.o(.text) for delay_ms
    adc.o(.text) refers to stm32f10x_rcc.o(.text) for RCC_APB2PeriphClockCmd
    adc.o(.text) refers to stm32f10x_gpio.o(.text) for GPIO_Init
    adc.o(.text) refers to stm32f10x_adc.o(.text) for ADC_DeInit
    adc.o(.text) refers to delay.o(.text) for delay_ms
    scheduler.o(.text) refers to stm32f10x_tim.o(.text) for TIM_GetITStatus
    scheduler.o(.text) refers to adc.o(.text) for Get_Adc
    scheduler.o(.text) refers to dflt_clz.o(x$fpl$dfltu) for __aeabi_ui2d
    scheduler.o(.text) refers to dmul.o(x$fpl$dmul) for __aeabi_dmul
    scheduler.o(.text) refers to dfixu.o(x$fpl$dfixu) for __aeabi_d2uiz
    scheduler.o(.text) refers to ddiv.o(x$fpl$ddiv) for __aeabi_ddiv
    scheduler.o(.text) refers to d2f.o(x$fpl$d2f) for __aeabi_d2f
    scheduler.o(.text) refers to key.o(.text) for KEY_Scan
    scheduler.o(.text) refers to ffix.o(x$fpl$ffix) for __aeabi_f2iz
    scheduler.o(.text) refers to fflt_clz.o(x$fpl$fflt) for __aeabi_i2f
    scheduler.o(.text) refers to stm32f10x_adc.o(.text) for ADC_Cmd
    scheduler.o(.text) refers to myfeature.o(.text) for flag_label
    scheduler.o(.text) refers to network_evaluate.o(.text) for networkEvaluate
    scheduler.o(.text) refers to f2d.o(x$fpl$f2d) for __aeabi_f2d
    scheduler.o(.text) refers to drleqf.o(x$fpl$drleqf) for __aeabi_cdrcmple
    scheduler.o(.text) refers to main.o(.data) for SysTick_count
    scheduler.o(.text) refers to scheduler.o(.data) for cnt_1ms
    scheduler.o(.text) refers to scheduler.o(.bss) for v1_buff
    network_evaluate.o(.text) refers to f2d.o(x$fpl$f2d) for __aeabi_f2d
    network_evaluate.o(.text) refers to exp.o(i.exp) for exp
    network_evaluate.o(.text) refers to daddsub_clz.o(x$fpl$dadd) for __aeabi_dadd
    network_evaluate.o(.text) refers to ddiv.o(x$fpl$ddiv) for __aeabi_ddiv
    network_evaluate.o(.text) refers to d2f.o(x$fpl$d2f) for __aeabi_d2f
    network_evaluate.o(.text) refers to frleqf.o(x$fpl$frleqf) for __aeabi_cfrcmple
    network_evaluate.o(.text) refers to faddsub_clz.o(x$fpl$fadd) for __aeabi_fadd
    network_evaluate.o(.text) refers to fdiv.o(x$fpl$fdiv) for __aeabi_fdiv
    network_evaluate.o(.text) refers to fmul.o(x$fpl$fmul) for __aeabi_fmul
    network_evaluate.o(.text) refers to network_evaluate.o(.data) for class_output
    network_evaluate.o(.text) refers to network_evaluate.o(.bss) for output_0
    network_evaluate.o(.text) refers to network_evaluate.o(.constdata) for layer_0_weight
    delay.o(.text) refers to misc.o(.text) for SysTick_CLKSourceConfig
    delay.o(.text) refers to system_stm32f10x.o(.data) for SystemCoreClock
    delay.o(.text) refers to delay.o(.data) for fac_us
    usart.o(.text) refers (Special) to use_no_semi_2.o(.text) for __use_no_semihosting
    usart.o(.text) refers to stm32f10x_rcc.o(.text) for RCC_APB2PeriphClockCmd
    usart.o(.text) refers to stm32f10x_gpio.o(.text) for GPIO_Init
    usart.o(.text) refers to misc.o(.text) for NVIC_Init
    usart.o(.text) refers to stm32f10x_usart.o(.text) for USART_Init
    usart.o(.text) refers to usart.o(.data) for USART_RX_STA
    usart.o(.text) refers to usart.o(.bss) for USART_RX_BUF
    usart.o(.bss) refers (Special) to use_no_semi_2.o(.text) for __use_no_semihosting
    usart.o(.data) refers (Special) to use_no_semi_2.o(.text) for __use_no_semihosting
[...]
    structure                                0x0800788c   Data          16  network_evaluate.o(.constdata)
    layer_0_weight                           0x0800789c   Data        8192  network_evaluate.o(.constdata)
    layer_1_weight                           0x0800989c   Data         512  network_evaluate.o(.constdata)
    layer_0_bias                             0x08009a9c   Data         256  network_evaluate.o(.constdata)
    layer_1_bias                             0x08009b9c   Data           8  network_evaluate.o(.constdata)
    .constdata                               0x08009ba4   Section     2048  arm_common_tables.o(.constdata)
    .constdata                               0x0800a3a4   Section    32768  arm_common_tables.o(.constdata)
    .constdata                               0x080123a4   Section       40  _printf_hex_int.o(.constdata)
    uc_hextab                                0x080123a4   Data          20  _printf_hex_int.o(.constdata)
    lc_hextab                                0x080123b8   Data          20  _printf_hex_int.o(.constdata)
    .constdata                               0x080123d0   Section       88  exp.o(.constdata)
    halF                                     0x080123d0   Data          16  exp.o(.constdata)
    ln2HI                                    0x080123e0   Data          16  exp.o(.constdata)
    ln2LO                                    0x080123f0   Data          16  exp.o(.constdata)
    P                                        0x08012400   Data          40  exp.o(.constdata)
    .constdata                               0x08012428   Section      136  pow.o(.constdata)
    bp                                       0x08012428   Data          16  pow.o(.constdata)
    dp_h                                     0x08012438   Data          16  pow.o(.constdata)
    dp_l                                     0x08012448   Data          16  pow.o(.constdata)
    L                                        0x08012458   Data          48  pow.o(.constdata)
    P                                        0x08012488   Data          40  pow.o(.constdata)
    .constdata                               0x080124b0   Section        8  qnan.o(.constdata)
    .data                                    0x20000000   Section       32  main.o(.data)
    base                                     0x2000001c   Data           4  main.o(.data)
    .data                                    0x20000020   Section       56  stm32f10x_it.o(.data)
    stacked_r0                               0x20000020   Data           4  stm32f10x_it.o(.data)
    stacked_r1                               0x20000024   Data           4  stm32f10x_it.o(.data)
    stacked_r2                               0x20000028   Data           4  stm32f10x_it.o(.data)
    stacked_r3                               0x2000002c   Data           4  stm32f10x_it.o(.data)
    stacked_r12                              0x20000030   Data           4  stm32f10x_it.o(.data)
    stacked_lr                               0x20000034   Data           4  stm32f10x_it.o(.data)
    stacked_pc                               0x20000038   Data           4  stm32f10x_it.o(.data)
    stacked_psr                              0x2000003c   Data           4  stm32f10x_it.o(.data)
    SHCSR                                    0x20000040   Data           4  stm32f10x_it.o(.data)
    MFSR                                     0x20000044   Data           1  stm32f10x_it.o(.data)
    BFSR                                     0x20000045   Data           1  stm32f10x_it.o(.data)
    UFSR                                     0x20000046   Data           2  stm32f10x_it.o(.data)
    HFSR                                     0x20000048   Data           4  stm32f10x_it.o(.data)
    DFSR                                     0x2000004c   Data           4  stm32f10x_it.o(.data)
    MMAR                                     0x20000050   Data           4  stm32f10x_it.o(.data)
    BFAR                                     0x20000054   Data           4  stm32f10x_it.o(.data)
    .data                                    0x20000058   Section       20  system_stm32f10x.o(.data)
    .data                                    0x2000006c   Section       51  scheduler.o(.data)
    adc_ave                                  0x2000006c   Data           2  scheduler.o(.data)
    data_2send                               0x2000006e   Data           2  scheduler.o(.data)
    v                                        0x20000070   Data           2  scheduler.o(.data)
    adc_ave1                                 0x20000072   Data           2  scheduler.o(.data)
    data_2send1                              0x20000074   Data           2  scheduler.o(.data)
    v2                                       0x20000076   Data           2  scheduler.o(.data)
    countter                                 0x20000078   Data           4  scheduler.o(.data)
    kk                                       0x2000007c   Data           4  scheduler.o(.data)
    ffts                                     0x20000080   Data           8  scheduler.o(.data)
    fft1                                     0x20000088   Data           4  scheduler.o(.data)
    fft2                                     0x2000008c   Data           4  scheduler.o(.data)
    action_test                              0x20000090   Data           8  scheduler.o(.data)
    fag                                      0x20000098   Data           4  scheduler.o(.data)
    cnt_1ms                                  0x2000009c   Data           1  scheduler.o(.data)
    cnt_5ms                                  0x2000009d   Data           1  scheduler.o(.data)
    cnt_10ms                                 0x2000009e   Data           1  scheduler.o(.data)
    .data                                    0x200000a0   Section       16  network_evaluate.o(.data)
    output_1                                 0x200000a8   Data           8  network_evaluate.o(.data)
    .data                                    0x200000b0   Section        4  delay.o(.data)
    fac_us                                   0x200000b0   Data           1  delay.o(.data)
    fac_ms                                   0x200000b2   Data           2  delay.o(.data)
    .data                                    0x200000b4   Section        6  usart.o(.data)
    .data                                    0x200000bc   Section        8  uart3.o(.data)
    TxCounter                                0x200000bc   Data           1  uart3.o(.data)
    count                                    0x200000bd   Data           1  uart3.o(.data)
    ii                                       0x200000c0   Data           4  uart3.o(.data)
    .data                                    0x200000c4   Section       20  stm32f10x_rcc.o(.data)
    APBAHBPrescTable                         0x200000c4   Data          16  stm32f10x_rcc.o(.data)
    ADCPrescTable                            0x200000d4   Data           4  stm32f10x_rcc.o(.data)
    .bss                                     0x200000d8   Section     1000  main.o(.bss)
    ucRxBuffer                               0x200000d8   Data         250  main.o(.bss)
    uccRxBuffer                              0x200001d2   Data         250  main.o(.bss)
    ucccRxBuffer                             0x200002cc   Data         500  main.o(.bss)
    .bss                                     0x200004c0   Section     1664  scheduler.o(.bss)
    v1_buff                                  0x200004c0   Data         256  scheduler.o(.bss)
    v2_buff                                  0x200005c0   Data         256  scheduler.o(.bss)
    flag_buff                                0x200006c0   Data         256  scheduler.o(.bss)
    features                                 0x200007c0   Data         128  scheduler.o(.bss)
    input_fft1                               0x20000840   Data         256  scheduler.o(.bss)
    input_fft2                               0x20000940   Data         256  scheduler.o(.bss)
    .bss                                     0x20000b40   Section      256  network_evaluate.o(.bss)
    output_0                                 0x20000b40   Data         256  network_evaluate.o(.bss)
    .bss                                     0x20000c40   Section      200  usart.o(.bss)
    .bss                                     0x20000d08   Section      512  myfeature.o(.bss)
    fft_intputbuf                            0x20000d08   Data         256  myfeature.o(.bss)
    fft_outputbuf                            0x20000e08   Data         256  myfeature.o(.bss)
    .bss                                     0x20000f08   Section      256  uart3.o(.bss)
    TxBuffer                                 0x20000f08   Data         256  uart3.o(.bss)
    .bss                                     0x20001008   Section       96  libspace.o(.bss)
    HEAP                                     0x20001068   Section      512  startup_stm32f10x_hd.o(HEAP)
    Heap_Mem                                 0x20001068   Data         512  startup_stm32f10x_hd.o(HEAP)
    STACK                                    0x20001268   Section     1024  startup_stm32f10x_hd.o(STACK)
    Stack_Mem                                0x20001268   Data        1024  startup_stm32f10x_hd.o(STACK)
    __initial_sp                             0x20001668   Data           0  startup_stm32f10x_hd.o(STACK)

    Global Symbols

    Symbol Name                              Value     Ov Type        Size  Object(Section)

    BuildAttributes$$THM_ISAv4$P$D$K$B$S$PE$A:L22UL41UL21$X:L11$S22US41US21$IEEE1$IW$USESV6$~STKCKD$USESV7$~SHL$OTIME$ROPI$IEEEX$EBA8$UX$STANDARDLIB$REQ8$PRES8$EABIv2 0x00000000   Number         0  anon$$obj.o ABSOLUTE
    __ARM_use_no_argv                        0x00000000   Number         0  main.o ABSOLUTE
    __ARM_exceptions_init                     - Undefined Weak Reference
    __alloca_initialize                       - Undefined Weak Reference
    __arm_preinit_                            - Undefined Weak Reference
    __cpp_initialize__aeabi_                  - Undefined Weak Reference
    __cxa_finalize                            - Undefined Weak Reference
    __rt_locale                               - Undefined Weak Reference
    __sigvec_lookup                           - Undefined Weak Reference
    _atexit_init                              - Undefined Weak Reference
    _call_atexit_fns                          - Undefined Weak Reference
    _clock_init                               - Undefined Weak Reference
    _fp_trap_init                             - Undefined Weak Reference
    _fp_trap_shutdown                         - Undefined Weak Reference
    _get_lc_collate                           - Undefined Weak Reference
    _get_lc_ctype                             - Undefined Weak Reference
    _get_lc_monetary                          - Undefined Weak Reference
    _get_lc_numeric                           - Undefined Weak Reference
    _get_lc_time                              - Undefined Weak Reference
    _getenv_init                              - Undefined Weak Reference
    _handle_redirection                       - Undefined Weak Reference
    _init_alloc                               - Undefined Weak Reference
    _init_user_alloc                          - Undefined Weak Reference
    _initio                                   - Undefined Weak Reference
    _mutex_acquire                            - Undefined Weak Reference
    _mutex_release                            - Undefined Weak Reference
    _printf_post_padding                      - Undefined Weak Reference
    _printf_pre_padding                       - Undefined Weak Reference
    _printf_truncate_unsigned                 - Undefined Weak Reference
    _rand_init                                - Undefined Weak Reference
    _signal_finish                            - Undefined Weak Reference
    _signal_init                              - Undefined Weak Reference
    _terminate_alloc                          - Undefined Weak Reference
    _terminate_user_alloc                     - Undefined Weak Reference
    _terminateio                              - Undefined Weak Reference
    __Vectors_Size                           0x00000130   Number         0  startup_stm32f10x_hd.o ABSOLUTE
    __Vectors                                0x08000000   Data           4  startup_stm32f10x_hd.o(RESET)
    __Vectors_End                            0x08000130   Data           0  startup_stm32f10x_hd.o(RESET)
    __main                                   0x08000131   Thumb Code     8  __main.o(!!!main)
    __scatterload                            0x08000139   Thumb Code     0  __scatter.o(!!!scatter)
    __scatterload_rt2                        0x08000139   Thumb Code    44  __scatter.o(!!!scatter)
    __scatterload_rt2_thumb_only             0x08000139   Thumb Code     0  __scatter.o(!!!scatter)
    __scatterload_null                       0x08000147   Thumb Code     0  __scatter.o(!!!scatter)
    __scatterload_copy                       0x0800016d   Thumb Code    26  __scatter_copy.o(!!handler_copy)
    __scatterload_zeroinit                   0x08000189   Thumb Code    28  __scatter_zi.o(!!handler_zi)
    _printf_percent                          0x080001a5   Thumb Code     0  _printf_percent.o(.ARM.Collect$$_printf_percent$$00000000)
    _printf_x                                0x080001a5   Thumb Code     0  _printf_x.o(.ARM.Collect$$_printf_percent$$0000000C)
    _printf_percent_end                      0x080001ab   Thumb Code     0  _printf_percent_end.o(.ARM.Collect$$_printf_percent$$00000017)
    __rt_lib_init                            0x080001af   Thumb Code     0  libinit.o(.ARM.Collect$$libinit$$00000000)
    __rt_lib_init_alloca_1                   0x080001b1   Thumb Code     0  libinit2.o(.ARM.Collect$$libinit$$0000002E)
    __rt_lib_init_argv_1                     0x080001b1   Thumb Code     0  libinit2.o(.ARM.Collect$$libinit$$0000002C)
    __rt_lib_init_atexit_1                   0x080001b1   Thumb Code     0  libinit2.o(.ARM.Collect$$libinit$$0000001B)
    __rt_lib_init_clock_1                    0x080001b1   Thumb Code     0  libinit2.o(.ARM.Collect$$libinit$$00000021)
    __rt_lib_init_cpp_1                      0x080001b1   Thumb Code     0  libinit2.o(.ARM.Collect$$libinit$$00000032)
    __rt_lib_init_exceptions_1               0x080001b1   Thumb Code     0  libinit2.o(.ARM.Collect$$libinit$$00000030)
    __rt_lib_init_fp_1                       0x080001b1   Thumb Code     0  libinit2.o(.ARM.Collect$$libinit$$00000002)
    __rt_lib_init_fp_trap_1                  0x080001b1   Thumb Code     0  libinit2.o(.ARM.Collect$$libinit$$0000001F)
    __rt_lib_init_getenv_1                   0x080001b1   Thumb Code     0  libinit2.o(.ARM.Collect$$libinit$$00000023)
    __rt_lib_init_heap_1                     0x080001b1   Thumb Code     0  libinit2.o(.ARM.Collect$$libinit$$0000000A)
    __rt_lib_init_lc_collate_1               0x080001b1   Thumb Code     0  libinit2.o(.ARM.Collect$$libinit$$00000011)
    __rt_lib_init_lc_ctype_1                 0x080001b1   Thumb Code     0  libinit2.o(.ARM.Collect$$libinit$$00000013)
    __rt_lib_init_lc_monetary_1              0x080001b1   Thumb Code     0  libinit2.o(.ARM.Collect$$libinit$$00000015)
    __rt_lib_init_lc_numeric_1               0x080001b1   Thumb Code     0  libinit2.o(.ARM.Collect$$libinit$$00000017)
    __rt_lib_init_lc_time_1                  0x080001b1   Thumb Code     0  libinit2.o(.ARM.Collect$$libinit$$00000019)
    __rt_lib_init_preinit_1                  0x080001b1   Thumb Code     0  libinit2.o(.ARM.Collect$$libinit$$00000004)
    __rt_lib_init_rand_1                     0x080001b1   Thumb Code     0  libinit2.o(.ARM.Collect$$libinit$$0000000E)
    __rt_lib_init_return                     0x080001b1   Thumb Code     0  libinit2.o(.ARM.Collect$$libinit$$00000033)
    __rt_lib_init_signal_1                   0x080001b1   Thumb Code     0  libinit2.o(.ARM.Collect$$libinit$$0000001D)
    __rt_lib_init_stdio_1                    0x080001b1   Thumb Code     0  libinit2.o(.ARM.Collect$$libinit$$00000025)
    __rt_lib_init_user_alloc_1               0x080001b1   Thumb Code     0  libinit2.o(.ARM.Collect$$libinit$$0000000C)
    __rt_lib_shutdown                        0x080001b3   Thumb Code     0  libshutdown.o(.ARM.Collect$$libshutdown$$00000000)
    __rt_lib_shutdown_fp_trap_1              0x080001b5   Thumb Code     0  libshutdown2.o(.ARM.Collect$$libshutdown$$00000006)
    __rt_lib_shutdown_heap_1                 0x080001b5   Thumb Code     0  libshutdown2.o(.ARM.Collect$$libshutdown$$0000000E)
    __rt_lib_shutdown_return                 0x080001b5   Thumb Code     0  libshutdown2.o(.ARM.Collect$$libshutdown$$0000000F)
    __rt_lib_shutdown_signal_1               0x080001b5   Thumb Code     0  libshutdown2.o(.ARM.Collect$$libshutdown$$00000009)
    __rt_lib_shutdown_stdio_1                0x080001b5   Thumb Code     0  libshutdown2.o(.ARM.Collect$$libshutdown$$00000003)
    __rt_lib_shutdown_user_alloc_1           0x080001b5   Thumb Code     0  libshutdown2.o(.ARM.Collect$$libshutdown$$0000000B)
    __rt_entry                               0x080001b7   Thumb Code     0  __rtentry.o(.ARM.Collect$$rtentry$$00000000)
    __rt_entry_presh_1                       0x080001b7   Thumb Code     0  __rtentry2.o(.ARM.Collect$$rtentry$$00000002)
    __rt_entry_sh                            0x080001b7   Thumb Code     0  __rtentry4.o(.ARM.Collect$$rtentry$$00000004)
    __rt_entry_li                            0x080001bd   Thumb Code     0  __rtentry2.o(.ARM.Collect$$rtentry$$0000000A)
    __rt_entry_postsh_1                      0x080001bd   Thumb Code     0  __rtentry2.o(.ARM.Collect$$rtentry$$00000009)
    __rt_entry_main                          0x080001c1   Thumb Code     0  __rtentry2.o(.ARM.Collect$$rtentry$$0000000D)
    __rt_entry_postli_1                      0x080001c1   Thumb Code     0  __rtentry2.o(.ARM.Collect$$rtentry$$0000000C)
    __rt_exit                                0x080001c9   Thumb Code     0  rtexit.o(.ARM.Collect$$rtexit$$00000000)
    __rt_exit_ls                             0x080001cb   Thumb Code     0  rtexit2.o(.ARM.Collect$$rtexit$$00000003)
    __rt_exit_prels_1                        0x080001cb   Thumb Code     0  rtexit2.o(.ARM.Collect$$rtexit$$00000002)
    __rt_exit_exit                           0x080001cf   Thumb Code     0  rtexit2.o(.ARM.Collect$$rtexit$$00000004)
    Send_data                                0x080001d5   Thumb Code    40  main.o(.text)
    USARTx_Send_Data                         0x080001fd   Thumb Code    48  main.o(.text)
    USART_SendString                         0x0800022d   Thumb Code    58  main.o(.text)
    main                                     0x08000267   Thumb Code   196  main.o(.text)
    CopeSerial3Data                          0x0800032b   Thumb Code    26  main.o(.text)
    NMI_Handler                              0x0800035d   Thumb Code     2  stm32f10x_it.o(.text)
    HardFault_Handler                        0x0800035f   Thumb Code   298  stm32f10x_it.o(.text)
    MemManage_Handler                        0x08000489   Thumb Code     4  stm32f10x_it.o(.text)
    BusFault_Handler                         0x0800048d   Thumb Code     4  stm32f10x_it.o(.text)
    UsageFault_Handler                       0x08000491   Thumb Code     4  stm32f10x_it.o(.text)
    SVC_Handler                              0x08000495   Thumb Code     2  stm32f10x_it.o(.text)
    DebugMon_Handler                         0x08000497   Thumb Code     2  stm32f10x_it.o(.text)
    PendSV_Handler                           0x08000499   Thumb Code     2  stm32f10x_it.o(.text)
    SysTick_Handler                          0x0800049b   Thumb Code     2  stm32f10x_it.o(.text)
    SystemInit                               0x080006df   Thumb Code    78  system_stm32f10x.o(.text)
    SystemCoreClockUpdate                    0x0800072d   Thumb Code   142  system_stm32f10x.o(.text)
    KEY_Init                                 0x080007e1   Thumb Code    32  key.o(.text)
    KEY_Scan                                 0x08000801   Thumb Code    46  key.o(.text)
    Adc_Init                                 0x08000835   Thumb Code   132  adc.o(.text)
    Get_Adc                                  0x080008b9   Thumb Code    46  adc.o(.text)
    Get_Adc_Average                          0x080008e7   Thumb Code    46  adc.o(.text)
    TIM3_IRQHandler                          0x0800091d   Thumb Code   862  scheduler.o(.text)
    linear                                   0x08000d05   Thumb Code     2  network_evaluate.o(.text)
    sigmoid                                  0x08000d07   Thumb Code    58  network_evaluate.o(.text)
    relu                                     0x08000d41   Thumb Code    22  network_evaluate.o(.text)
    softmax                                  0x08000d57   Thumb Code    84  network_evaluate.o(.text)
    networkEvaluate                          0x08000dab   Thumb Code   250  network_evaluate.o(.text)
    delay_init                               0x08000ec9   Thumb Code    50  delay.o(.text)
    delay_us                                 0x08000efb   Thumb Code    72  delay.o(.text)
    delay_ms                                 0x08000f43   Thumb Code    72  delay.o(.text)
    _sys_exit                                0x08000f9d   Thumb Code     6  usart.o(.text)
    fputc                                    0x08000fa3   Thumb Code    24  usart.o(.text)
    uart_init                                0x08000fbb   Thumb Code   152  usart.o(.text)
    USART1_IRQHandler                        0x08001053   Thumb Code   122  usart.o(.text)
    IIC_Init                                 0x080010dd   Thumb Code    46  myiic.o(.text)
    IIC_Start                                0x0800110b   Thumb Code    64  myiic.o(.text)
    IIC_Stop                                 0x0800114b   Thumb Code    66  myiic.o(.text)
    IIC_Wait_Ack                             0x0800118d   Thumb Code    86  myiic.o(.text)
    IIC_Ack                                  0x080011e3   Thumb Code    70  myiic.o(.text)
    IIC_NAck                                 0x08001229   Thumb Code    70  myiic.o(.text)
    IIC_Send_Byte                            0x0800126f   Thumb Code   104  myiic.o(.text)
    IIC_Read_Byte                            0x080012d7   Thumb Code   100  myiic.o(.text)
    pca_write                                0x08001349   Thumb Code    46  pca9685.o(.text)
    pca_read                                 0x08001377   Thumb Code    58  pca9685.o(.text)
    pca_setfreq                              0x080013b1   Thumb Code   180  pca9685.o(.text)
    pca_setpwm                               0x08001465   Thumb Code    62  pca9685.o(.text)
    PCA_MG9XX_Init                           0x080014a3   Thumb Code   238  pca9685.o(.text)
    PCA_MG9XX                                0x08001591   Thumb Code   386  pca9685.o(.text)
    fft_trans                                0x08001745   Thumb Code    80  myfeature.o(.text)
    FFMN                                     0x08001795   Thumb Code   150  myfeature.o(.text)
    FFMD                                     0x0800182b   Thumb Code   116  myfeature.o(.text)
    flag_label                               0x0800189f   Thumb Code    58  myfeature.o(.text)
    MFMD                                     0x080018d9   Thumb Code    32  myfeature.o(.text)
    MFMN                                     0x080018f9   Thumb Code   102  myfeature.o(.text)
    findmax                                  0x0800195f   Thumb Code    68  myfeature.o(.text)
    findmin                                  0x080019a3   Thumb Code    68  myfeature.o(.text)
    FR                                       0x080019e7   Thumb Code    74  myfeature.o(.text)
    weight1                                  0x08001a31   Thumb Code   102  myfeature.o(.text)
    MMAV1                                    0x08001a97   Thumb Code   116  myfeature.o(.text)
    weight2                                  0x08001b0b   Thumb Code   236  myfeature.o(.text)
    MMAV2                                    0x08001bf7   Thumb Code   116  myfeature.o(.text)
    MAV                                      0x08001c6b   Thumb Code    82  myfeature.o(.text)
    SSI                                      0x08001cbd   Thumb Code    84  myfeature.o(.text)
    f_WAMP                                   0x08001d11   Thumb Code    30  myfeature.o(.text)
    WAMP                                     0x08001d2f   Thumb Code    74  myfeature.o(.text)
    WL                                       0x08001d79   Thumb Code    84  myfeature.o(.text)
    ZC                                       0x08001dcd   Thumb Code   140  myfeature.o(.text)
    IEMG                                     0x08001e59   Thumb Code    68  myfeature.o(.text)
    VAR                                      0x08001e9d   Thumb Code   136  myfeature.o(.text)
    SSC                                      0x08001f25   Thumb Code   206  myfeature.o(.text)
    RMS                                      0x08001ff3   Thumb Code   110  myfeature.o(.text)
    TIM2_PWM_Config                          0x08002065   Thumb Code   194  tim.o(.text)
    TIM3_Config                              0x08002127   Thumb Code    92  tim.o(.text)
    Initial_UART3                            0x0800218d   Thumb Code   186  uart3.o(.text)
    USART3_IRQHandler                        0x08002247   Thumb Code   128  uart3.o(.text)
    UART3_Put_Char                           0x080022c7   Thumb Code    34  uart3.o(.text)
    UART3_Put_String                         0x080022e9   Thumb Code    46  uart3.o(.text)
    Reset_Handler                            0x08002331   Thumb Code     8  startup_stm32f10x_hd.o(.text)
    ADC1_2_IRQHandler                        0x0800234b   Thumb Code     0  startup_stm32f10x_hd.o(.text)
    ADC3_IRQHandler                          0x0800234b   Thumb Code     0  startup_stm32f10x_hd.o(.text)
    CAN1_RX1_IRQHandler                      0x0800234b   Thumb Code     0  startup_stm32f10x_hd.o(.text)
    CAN1_SCE_IRQHandler                      0x0800234b   Thumb Code     0  startup_stm32f10x_hd.o(.text)
    DMA1_Channel1_IRQHandler                 0x0800234b   Thumb Code     0  startup_stm32f10x_hd.o(.text)
    DMA1_Channel2_IRQHandler                 0x0800234b   Thumb Code     0  startup_stm32f10x_hd.o(.text)
    DMA1_Channel3_IRQHandler                 0x0800234b   Thumb Code     0  startup_stm32f10x_hd.o(.text)
    DMA1_Channel4_IRQHandler                 0x0800234b   Thumb Code     0  startup_stm32f10x_hd.o(.text)
    DMA1_Channel5_IRQHandler                 0x0800234b   Thumb Code     0  startup_stm32f10x_hd.o(.text)
    DMA1_Channel6_IRQHandler                 0x0800234b   Thumb Code     0  startup_stm32f10x_hd.o(.text)
    DMA1_Channel7_IRQHandler                 0x0800234b   Thumb Code     0  startup_stm32f10x_hd.o(.text)
    DMA2_Channel1_IRQHandler                 0x0800234b   Thumb Code     0  startup_stm32f10x_hd.o(.text)
    DMA2_Channel2_IRQHandler                 0x0800234b   Thumb Code     0  startup_stm32f10x_hd.o(.text)
    DMA2_Channel3_IRQHandler                 0x0800234b   Thumb Code     0  startup_stm32f10x_hd.o(.text)
    DMA2_Channel4_5_IRQHandler               0x0800234b   Thumb Code     0  startup_stm32f10x_hd.o(.text)
    EXTI0_IRQHandler                         0x0800234b   Thumb Code     0  startup_stm32f10x_hd.o(.text)
    EXTI15_10_IRQHandler                     0x0800234b   Thumb Code     0  startup_stm32f10x_hd.o(.text)
    EXTI1_IRQHandler                         0x0800234b   Thumb Code     0  startup_stm32f10x_hd.o(.text)
    EXTI2_IRQHandler                         0x0800234b   Thumb Code     0  startup_stm32f10x_hd.o(.text)
    EXTI3_IRQHandler                         0x0800234b   Thumb Code     0  startup_stm32f10x_hd.o(.text)
    EXTI4_IRQHandler                         0x0800234b   Thumb Code     0  startup_stm32f10x_hd.o(.text)
    EXTI9_5_IRQHandler                       0x0800234b   Thumb Code     0  startup_stm32f10x_hd.o(.text)
    FLASH_IRQHandler                         0x0800234b   Thumb Code     0  startup_stm32f10x_hd.o(.text)
    FSMC_IRQHandler                          0x0800234b   Thumb Code     0  startup_stm32f10x_hd.o(.text)
    I2C1_ER_IRQHandler                       0x0800234b   Thumb Code     0  startup_stm32f10x_hd.o(.text)
    I2C1_EV_IRQHandler                       0x0800234b   Thumb Code     0  startup_stm32f10x_hd.o(.text)
    I2C2_ER_IRQHandler                       0x0800234b   Thumb Code     0  startup_stm32f10x_hd.o(.text)
    I2C2_EV_IRQHandler                       0x0800234b   Thumb Code     0  startup_stm32f10x_hd.o(.text)
    PVD_IRQHandler                           0x0800234b   Thumb Code     0  startup_stm32f10x_hd.o(.text)
    RCC_IRQHandler                           0x0800234b   Thumb Code     0  startup_stm32f10x_hd.o(.text)
    RTCAlarm_IRQHandler                      0x0800234b   Thumb Code     0  startup_stm32f10x_hd.o(.text)
    RTC_IRQHandler                           0x0800234b   Thumb Code     0  startup_stm32f10x_hd.o(.text)
    SDIO_IRQHandler                          0x0800234b   Thumb Code     0  startup_stm32f10x_hd.o(.text)
    SPI1_IRQHandler                          0x0800234b   Thumb Code     0  startup_stm32f10x_hd.o(.text)
    SPI2_IRQHandler                          0x0800234b   Thumb Code     0  startup_stm32f10x_hd.o(.text)
    SPI3_IRQHandler                          0x0800234b   Thumb Code     0  startup_stm32f10x_hd.o(.text)
    TAMPER_IRQHandler                        0x0800234b   Thumb Code     0  startup_stm32f10x_hd.o(.text)
    TIM1_BRK_IRQHandler                      0x0800234b   Thumb Code     0  startup_stm32f10x_hd.o(.text)
    TIM1_CC_IRQHandler                       0x0800234b   Thumb Code     0  startup_stm32f10x_hd.o(.text)
    TIM1_TRG_COM_IRQHandler                  0x0800234b   Thumb Code     0  startup_stm32f10x_hd.o(.text)
    TIM1_UP_IRQHandler                       0x0800234b   Thumb Code     0  startup_stm32f10x_hd.o(.text)
    TIM2_IRQHandler                          0x0800234b   Thumb Code     0  startup_stm32f10x_hd.o(.text)
    TIM4_IRQHandler                          0x0800234b   Thumb Code     0  startup_stm32f10x_hd.o(.text)
    TIM5_IRQHandler                          0x0800234b   Thumb Code     0  startup_stm32f10x_hd.o(.text)
    TIM6_IRQHandler                          0x0800234b   Thumb Code     0  startup_stm32f10x_hd.o(.text)
    TIM7_IRQHandler                          0x0800234b   Thumb Code     0  startup_stm32f10x_hd.o(.text)
    TIM8_BRK_IRQHandler                      0x0800234b   Thumb Code     0  startup_stm32f10x_hd.o(.text)
    TIM8_CC_IRQHandler                       0x0800234b   Thumb Code     0  startup_stm32f10x_hd.o(.text)
    TIM8_TRG_COM_IRQHandler                  0x0800234b   Thumb Code     0  startup_stm32f10x_hd.o(.text)
    TIM8_UP_IRQHandler                       0x0800234b   Thumb Code     0  startup_stm32f10x_hd.o(.text)
    UART4_IRQHandler                         0x0800234b   Thumb Code     0  startup_stm32f10x_hd.o(.text)
    UART5_IRQHandler                         0x0800234b   Thumb Code     0  startup_stm32f10x_hd.o(.text)
    USART2_IRQHandler                        0x0800234b   Thumb Code     0  startup_stm32f10x_hd.o(.text)
    USBWakeUp_IRQHandler                     0x0800234b   Thumb Code     0  startup_stm32f10x_hd.o(.text)
    USB_HP_CAN1_TX_IRQHandler                0x0800234b   Thumb Code     0  startup_stm32f10x_hd.o(.text)
    USB_LP_CAN1_RX0_IRQHandler               0x0800234b   Thumb Code     0  startup_stm32f10x_hd.o(.text)
    WWDG_IRQHandler                          0x0800234b   Thumb Code     0  startup_stm32f10x_hd.o(.text)
    __user_initial_stackheap                 0x0800234d   Thumb Code     0  startup_stm32f10x_hd.o(.text)
    NVIC_PriorityGroupConfig                 0x08002371   Thumb Code    10  misc.o(.text)
    NVIC_Init                                0x0800237b   Thumb Code   100  misc.o(.text)
    NVIC_SetVectorTable                      0x080023df   Thumb Code    14  misc.o(.text)
    NVIC_SystemLPConfig                      0x080023ed   Thumb Code    34  misc.o(.text)
    SysTick_CLKSourceConfig                  0x0800240f   Thumb Code    40  misc.o(.text)
    ADC_DeInit                               0x0800244d   Thumb Code    78  stm32f10x_adc.o(.text)
    ADC_Init                                 0x0800249b   Thumb Code    70  stm32f10x_adc.o(.text)
    ADC_StructInit                           0x080024e1   Thumb Code    18  stm32f10x_adc.o(.text)
    ADC_Cmd                                  0x080024f3   Thumb Code    22  stm32f10x_adc.o(.text)
    ADC_DMACmd                               0x08002509   Thumb Code    22  stm32f10x_adc.o(.text)
    ADC_ITConfig                             0x0800251f   Thumb Code    24  stm32f10x_adc.o(.text)
    ADC_ResetCalibration                     0x08002537   Thumb Code    10  stm32f10x_adc.o(.text)
    ADC_GetResetCalibrationStatus            0x08002541   Thumb Code    20  stm32f10x_adc.o(.text)
    ADC_StartCalibration                     0x08002555   Thumb Code    10  stm32f10x_adc.o(.text)
    ADC_GetCalibrationStatus                 0x0800255f   Thumb Code    20  stm32f10x_adc.o(.text)
    ADC_SoftwareStartConvCmd                 0x08002573   Thumb Code    22  stm32f10x_adc.o(.text)
    ADC_GetSoftwareStartConvStatus           0x08002589   Thumb Code    20  stm32f10x_adc.o(.text)
    ADC_DiscModeChannelCountConfig           0x0800259d   Thumb Code    24  stm32f10x_adc.o(.text)
    ADC_DiscModeCmd                          0x080025b5   Thumb Code    22  stm32f10x_adc.o(.text)
    ADC_RegularChannelConfig                 0x080025cb   Thumb Code   184  stm32f10x_adc.o(.text)
    ADC_ExternalTrigConvCmd                  0x08002683   Thumb Code    22  stm32f10x_adc.o(.text)
    ADC_GetConversionValue                   0x08002699   Thumb Code     8  stm32f10x_adc.o(.text)
    ADC_GetDualModeConversionValue           0x080026a1   Thumb Code     8  stm32f10x_adc.o(.text)
    ADC_AutoInjectedConvCmd                  0x080026a9   Thumb Code    22  stm32f10x_adc.o(.text)
    ADC_InjectedDiscModeCmd                  0x080026bf   Thumb Code    22  stm32f10x_adc.o(.text)
    ADC_ExternalTrigInjectedConvConfig       0x080026d5   Thumb Code    16  stm32f10x_adc.o(.text)
    ADC_ExternalTrigInjectedConvCmd          0x080026e5   Thumb Code    22  stm32f10x_adc.o(.text)
    ADC_SoftwareStartInjectedConvCmd         0x080026fb   Thumb Code    22  stm32f10x_adc.o(.text)
    ADC_GetSoftwareStartInjectedConvCmdStatus 0x08002711   Thumb Code    20  stm32f10x_adc.o(.text)
    ADC_InjectedChannelConfig                0x08002725   Thumb Code   130  stm32f10x_adc.o(.text)
    ADC_InjectedSequencerLengthConfig        0x080027a7   Thumb Code    24  stm32f10x_adc.o(.text)
    ADC_SetInjectedOffset                    0x080027bf   Thumb Code    20  stm32f10x_adc.o(.text)
    ADC_GetInjectedConversionValue           0x080027d3   Thumb Code    28  stm32f10x_adc.o(.text)
    ADC_AnalogWatchdogCmd                    0x080027ef   Thumb Code    16  stm32f10x_adc.o(.text)
    ADC_AnalogWatchdogThresholdsConfig       0x080027ff   Thumb Code     6  stm32f10x_adc.o(.text)
    ADC_AnalogWatchdogSingleChannelConfig    0x08002805   Thumb Code    16  stm32f10x_adc.o(.text)
    ADC_TempSensorVrefintCmd                 0x08002815   Thumb Code    64  stm32f10x_adc.o(.text)
    ADC_GetFlagStatus                        0x08002855   Thumb Code    18  stm32f10x_adc.o(.text)
    ADC_ClearFlag                            0x08002867   Thumb Code     6  stm32f10x_adc.o(.text)
    ADC_GetITStatus                          0x0800286d   Thumb Code    36  stm32f10x_adc.o(.text)
    ADC_ClearITPendingBit                    0x08002891   Thumb Code    10  stm32f10x_adc.o(.text)
    GPIO_DeInit                              0x0800289d   Thumb Code   172  stm32f10x_gpio.o(.text)
    GPIO_AFIODeInit                          0x08002949   Thumb Code    20  stm32f10x_gpio.o(.text)
    GPIO_Init                                0x0800295d   Thumb Code   278  stm32f10x_gpio.o(.text)
    GPIO_StructInit                          0x08002a73   Thumb Code    16  stm32f10x_gpio.o(.text)
    GPIO_ReadInputDataBit                    0x08002a83   Thumb Code    18  stm32f10x_gpio.o(.text)
    GPIO_ReadInputData                       0x08002a95   Thumb Code     8  stm32f10x_gpio.o(.text)
    GPIO_ReadOutputDataBit                   0x08002a9d   Thumb Code    18  stm32f10x_gpio.o(.text)
    GPIO_ReadOutputData                      0x08002aaf   Thumb Code     8  stm32f10x_gpio.o(.text)
    GPIO_SetBits                             0x08002ab7   Thumb Code     4  stm32f10x_gpio.o(.text)
    GPIO_ResetBits                           0x08002abb   Thumb Code     4  stm32f10x_gpio.o(.text)
    GPIO_WriteBit                            0x08002abf   Thumb Code    10  stm32f10x_gpio.o(.text)
    GPIO_Write                               0x08002ac9   Thumb Code     4  stm32f10x_gpio.o(.text)
    GPIO_PinLockConfig                       0x08002acd   Thumb Code    18  stm32f10x_gpio.o(.text)
    GPIO_EventOutputConfig                   0x08002adf   Thumb Code    26  stm32f10x_gpio.o(.text)
    GPIO_EventOutputCmd                      0x08002af9   Thumb Code     6  stm32f10x_gpio.o(.text)
    GPIO_PinRemapConfig                      0x08002aff   Thumb Code   138  stm32f10x_gpio.o(.text)
    GPIO_EXTILineConfig                      0x08002b89   Thumb Code    66  stm32f10x_gpio.o(.text)
    GPIO_ETH_MediaInterfaceConfig            0x08002bcb   Thumb Code     8  stm32f10x_gpio.o(.text)
    RCC_DeInit                               0x08002bf9   Thumb Code    64  stm32f10x_rcc.o(.text)
    RCC_HSEConfig                            0x08002c39   Thumb Code    70  stm32f10x_rcc.o(.text)
    RCC_GetFlagStatus                        0x08002c7f   Thumb Code    56  stm32f10x_rcc.o(.text)
    RCC_WaitForHSEStartUp                    0x08002cb7   Thumb Code    56  stm32f10x_rcc.o(.text)
    RCC_AdjustHSICalibrationValue            0x08002cef   Thumb Code    20  stm32f10x_rcc.o(.text)
    RCC_HSICmd                               0x08002d03   Thumb Code     6  stm32f10x_rcc.o(.text)
    RCC_PLLConfig                            0x08002d09   Thumb Code    24  stm32f10x_rcc.o(.text)
    RCC_PLLCmd                               0x08002d21   Thumb Code     6  stm32f10x_rcc.o(.text)
    RCC_SYSCLKConfig                         0x08002d27   Thumb Code    18  stm32f10x_rcc.o(.text)
    RCC_GetSYSCLKSource                      0x08002d39   Thumb Code    10  stm32f10x_rcc.o(.text)
    RCC_HCLKConfig                           0x08002d43   Thumb Code    18  stm32f10x_rcc.o(.text)
    RCC_PCLK1Config                          0x08002d55   Thumb Code    18  stm32f10x_rcc.o(.text)
    RCC_PCLK2Config                          0x08002d67   Thumb Code    20  stm32f10x_rcc.o(.text)
    RCC_ITConfig                             0x08002d7b   Thumb Code    26  stm32f10x_rcc.o(.text)
    RCC_USBCLKConfig                         0x08002d95   Thumb Code     8  stm32f10x_rcc.o(.text)
    RCC_ADCCLKConfig                         0x08002d9d   Thumb Code    18  stm32f10x_rcc.o(.text)
    RCC_LSEConfig                            0x08002daf   Thumb Code    50  stm32f10x_rcc.o(.text)
    RCC_LSICmd                               0x08002de1   Thumb Code     6  stm32f10x_rcc.o(.text)
    RCC_RTCCLKConfig                         0x08002de7   Thumb Code    12  stm32f10x_rcc.o(.text)
    RCC_RTCCLKCmd                            0x08002df3   Thumb Code     8  stm32f10x_rcc.o(.text)
    RCC_GetClocksFreq                        0x08002dfb   Thumb Code   192  stm32f10x_rcc.o(.text)
    RCC_AHBPeriphClockCmd                    0x08002ebb   Thumb Code    26  stm32f10x_rcc.o(.text)
    RCC_APB2PeriphClockCmd                   0x08002ed5   Thumb Code    26  stm32f10x_rcc.o(.text)
    RCC_APB1PeriphClockCmd                   0x08002eef   Thumb Code    26  stm32f10x_rcc.o(.text)
    RCC_APB2PeriphResetCmd                   0x08002f09   Thumb Code    26  stm32f10x_rcc.o(.text)
    RCC_APB1PeriphResetCmd                   0x08002f23   Thumb Code    26  stm32f10x_rcc.o(.text)
    RCC_BackupResetCmd                       0x08002f3d   Thumb Code     8  stm32f10x_rcc.o(.text)
    RCC_ClockSecuritySystemCmd               0x08002f45   Thumb Code     6  stm32f10x_rcc.o(.text)
    RCC_MCOConfig                            0x08002f4b   Thumb Code     6  stm32f10x_rcc.o(.text)
    RCC_ClearFlag                            0x08002f51   Thumb Code    14  stm32f10x_rcc.o(.text)
    RCC_GetITStatus                          0x08002f5f   Thumb Code    20  stm32f10x_rcc.o(.text)
    RCC_ClearITPendingBit                    0x08002f73   Thumb Code     6  stm32f10x_rcc.o(.text)
    USART_DeInit                             0x08002f9d   Thumb Code   134  stm32f10x_usart.o(.text)
    USART_Init                               0x08003023   Thumb Code   210  stm32f10x_usart.o(.text)
    USART_StructInit                         0x080030f5   Thumb Code    24  stm32f10x_usart.o(.text)
    USART_ClockInit                          0x0800310d   Thumb Code    34  stm32f10x_usart.o(.text)
    USART_ClockStructInit                    0x0800312f   Thumb Code    12  stm32f10x_usart.o(.text)
    USART_Cmd                                0x0800313b   Thumb Code    24  stm32f10x_usart.o(.text)
    USART_ITConfig                           0x08003153   Thumb Code    74  stm32f10x_usart.o(.text)
    USART_DMACmd                             0x0800319d   Thumb Code    18  stm32f10x_usart.o(.text)
    USART_SetAddress                         0x080031af   Thumb Code    18  stm32f10x_usart.o(.text)
    USART_WakeUpConfig                       0x080031c1   Thumb Code    18  stm32f10x_usart.o(.text)
    USART_ReceiverWakeUpCmd                  0x080031d3   Thumb Code    24  stm32f10x_usart.o(.text)
    USART_LINBreakDetectLengthConfig         0x080031eb   Thumb Code    18  stm32f10x_usart.o(.text)
    USART_LINCmd                             0x080031fd   Thumb Code    24  stm32f10x_usart.o(.text)
    USART_SendData                           0x08003215   Thumb Code     8  stm32f10x_usart.o(.text)
    USART_ReceiveData                        0x0800321d   Thumb Code    10  stm32f10x_usart.o(.text)
    USART_SendBreak                          0x08003227   Thumb Code    10  stm32f10x_usart.o(.text)
    USART_SetGuardTime                       0x08003231   Thumb Code    16  stm32f10x_usart.o(.text)
    USART_SetPrescaler                       0x08003241   Thumb Code    16  stm32f10x_usart.o(.text)
    USART_SmartCardCmd                       0x08003251   Thumb Code    24  stm32f10x_usart.o(.text)
    USART_SmartCardNACKCmd                   0x08003269   Thumb Code    24  stm32f10x_usart.o(.text)
    USART_HalfDuplexCmd                      0x08003281   Thumb Code    24  stm32f10x_usart.o(.text)
    USART_OverSampling8Cmd                   0x08003299   Thumb Code    22  stm32f10x_usart.o(.text)
    USART_OneBitMethodCmd                    0x080032af   Thumb Code    24  stm32f10x_usart.o(.text)
    USART_IrDAConfig                         0x080032c7   Thumb Code    18  stm32f10x_usart.o(.text)
    USART_IrDACmd                            0x080032d9   Thumb Code    24  stm32f10x_usart.o(.text)
    USART_GetFlagStatus                      0x080032f1   Thumb Code    26  stm32f10x_usart.o(.text)
    USART_ClearFlag                          0x0800330b   Thumb Code    18  stm32f10x_usart.o(.text)
    USART_GetITStatus                        0x0800331d   Thumb Code    84  stm32f10x_usart.o(.text)
    USART_ClearITPendingBit                  0x08003371   Thumb Code    52  stm32f10x_usart.o(.text)
    TIM_DeInit                               0x080033a5   Thumb Code   424  stm32f10x_tim.o(.text)
    TIM_TimeBaseInit                         0x0800354d   Thumb Code   122  stm32f10x_tim.o(.text)
    TIM_OC1Init                              0x080035c7   Thumb Code   132  stm32f10x_tim.o(.text)
    TIM_OC2Init                              0x0800364b   Thumb Code   154  stm32f10x_tim.o(.text)
    TIM_OC3Init                              0x080036e5   Thumb Code   150  stm32f10x_tim.o(.text)
    TIM_OC4Init                              0x0800377b   Thumb Code   182  stm32f10x_tim.o(.text)
    TIM_SetIC4Prescaler                      0x08003831   Thumb Code    26  stm32f10x_tim.o(.text)
    TIM_SetIC3Prescaler                      0x080038cd   Thumb Code    18  stm32f10x_tim.o(.text)
    TIM_SetIC2Prescaler                      0x08003959   Thumb Code    26  stm32f10x_tim.o(.text)
    TIM_SetIC1Prescaler                      0x080039f5   Thumb Code    18  stm32f10x_tim.o(.text)
    TIM_ICInit                               0x08003a73   Thumb Code   150  stm32f10x_tim.o(.text)
    TIM_PWMIConfig                           0x08003b09   Thumb Code   124  stm32f10x_tim.o(.text)
    TIM_BDTRConfig                           0x08003b85   Thumb Code    32  stm32f10x_tim.o(.text)
    TIM_TimeBaseStructInit                   0x08003ba5   Thumb Code    18  stm32f10x_tim.o(.text)
    TIM_OCStructInit                         0x08003bb7   Thumb Code    20  stm32f10x_tim.o(.text)
    TIM_ICStructInit                         0x08003bcb   Thumb Code    18  stm32f10x_tim.o(.text)
    TIM_BDTRStructInit                       0x08003bdd   Thumb Code    40  stm32f10x_tim.o(.text)
    TIM_Cmd                                  0x08003c05   Thumb Code    24  stm32f10x_tim.o(.text)
    TIM_CtrlPWMOutputs                       0x08003c1d   Thumb Code    30  stm32f10x_tim.o(.text)
    TIM_ITConfig                             0x08003c3b   Thumb Code    18  stm32f10x_tim.o(.text)
    TIM_GenerateEvent                        0x08003c4d   Thumb Code     4  stm32f10x_tim.o(.text)
    TIM_DMAConfig                            0x08003c51   Thumb Code    10  stm32f10x_tim.o(.text)
    TIM_DMACmd                               0x08003c5b   Thumb Code    18  stm32f10x_tim.o(.text)
    TIM_InternalClockConfig                  0x08003c6d   Thumb Code    12  stm32f10x_tim.o(.text)
    TIM_SelectInputTrigger                   0x08003c79   Thumb Code    18  stm32f10x_tim.o(.text)
    TIM_ITRxExternalClockConfig              0x08003c8b   Thumb Code    24  stm32f10x_tim.o(.text)
    TIM_TIxExternalClockConfig               0x08003ca3   Thumb Code    62  stm32f10x_tim.o(.text)
    TIM_ETRConfig                            0x08003ce1   Thumb Code    28  stm32f10x_tim.o(.text)
    TIM_ETRClockMode1Config                  0x08003cfd   Thumb Code    54  stm32f10x_tim.o(.text)
    TIM_ETRClockMode2Config                  0x08003d33   Thumb Code    32  stm32f10x_tim.o(.text)
    TIM_PrescalerConfig                      0x08003d53   Thumb Code     6  stm32f10x_tim.o(.text)
    TIM_CounterModeConfig                    0x08003d59   Thumb Code    18  stm32f10x_tim.o(.text)
    TIM_EncoderInterfaceConfig               0x08003d6b   Thumb Code    66  stm32f10x_tim.o(.text)
    TIM_ForcedOC1Config                      0x08003dad   Thumb Code    18  stm32f10x_tim.o(.text)
    TIM_ForcedOC2Config                      0x08003dbf   Thumb Code    26  stm32f10x_tim.o(.text)
    TIM_ForcedOC3Config                      0x08003dd9   Thumb Code    18  stm32f10x_tim.o(.text)
    TIM_ForcedOC4Config                      0x08003deb   Thumb Code    26  stm32f10x_tim.o(.text)
    TIM_ARRPreloadConfig                     0x08003e05   Thumb Code    24  stm32f10x_tim.o(.text)
    TIM_SelectCOM                            0x08003e1d   Thumb Code    24  stm32f10x_tim.o(.text)
    TIM_SelectCCDMA                          0x08003e35   Thumb Code    24  stm32f10x_tim.o(.text)
    TIM_CCPreloadControl                     0x08003e4d   Thumb Code    24  stm32f10x_tim.o(.text)
    TIM_OC1PreloadConfig                     0x08003e65   Thumb Code    18  stm32f10x_tim.o(.text)
    TIM_OC2PreloadConfig                     0x08003e77   Thumb Code    26  stm32f10x_tim.o(.text)
    TIM_OC3PreloadConfig                     0x08003e91   Thumb Code    18  stm32f10x_tim.o(.text)
    TIM_OC4PreloadConfig                     0x08003ea3   Thumb Code    26  stm32f10x_tim.o(.text)
    TIM_OC1FastConfig                        0x08003ebd   Thumb Code    18  stm32f10x_tim.o(.text)
    TIM_OC2FastConfig                        0x08003ecf   Thumb Code    26  stm32f10x_tim.o(.text)
    TIM_OC3FastConfig                        0x08003ee9   Thumb Code    18  stm32f10x_tim.o(.text)
    TIM_OC4FastConfig                        0x08003efb   Thumb Code    26  stm32f10x_tim.o(.text)
    TIM_ClearOC1Ref                          0x08003f15   Thumb Code    18  stm32f10x_tim.o(.text)
    TIM_ClearOC2Ref                          0x08003f27   Thumb Code    24  stm32f10x_tim.o(.text)
    TIM_ClearOC3Ref                          0x08003f3f   Thumb Code    18  stm32f10x_tim.o(.text)
    TIM_ClearOC4Ref                          0x08003f51   Thumb Code    24  stm32f10x_tim.o(.text)
    TIM_OC1PolarityConfig                    0x08003f69   Thumb Code    18  stm32f10x_tim.o(.text)
    TIM_OC1NPolarityConfig                   0x08003f7b   Thumb Code    18  stm32f10x_tim.o(.text)
    TIM_OC2PolarityConfig                    0x08003f8d   Thumb Code    26  stm32f10x_tim.o(.text)
    TIM_OC2NPolarityConfig                   0x08003fa7   Thumb Code    26  stm32f10x_tim.o(.text)
    TIM_OC3PolarityConfig                    0x08003fc1   Thumb Code    26  stm32f10x_tim.o(.text)
    TIM_OC3NPolarityConfig                   0x08003fdb   Thumb Code    26  stm32f10x_tim.o(.text)
    TIM_OC4PolarityConfig                    0x08003ff5   Thumb Code    26  stm32f10x_tim.o(.text)
    TIM_CCxCmd                               0x0800400f   Thumb Code    30  stm32f10x_tim.o(.text)
    TIM_CCxNCmd                              0x0800402d   Thumb Code    30  stm32f10x_tim.o(.text)
    TIM_SelectOCxM                           0x0800404b   Thumb Code    82  stm32f10x_tim.o(.text)
    TIM_UpdateDisableConfig                  0x0800409d   Thumb Code    24  stm32f10x_tim.o(.text)
    TIM_UpdateRequestConfig                  0x080040b5   Thumb Code    24  stm32f10x_tim.o(.text)
    TIM_SelectHallSensor                     0x080040cd   Thumb Code    24  stm32f10x_tim.o(.text)
    TIM_SelectOnePulseMode                   0x080040e5   Thumb Code    18  stm32f10x_tim.o(.text)
    TIM_SelectOutputTrigger                  0x080040f7   Thumb Code    18  stm32f10x_tim.o(.text)
    TIM_SelectSlaveMode                      0x08004109   Thumb Code    18  stm32f10x_tim.o(.text)
    TIM_SelectMasterSlaveMode                0x0800411b   Thumb Code    18  stm32f10x_tim.o(.text)
    TIM_SetCounter                           0x0800412d   Thumb Code     4  stm32f10x_tim.o(.text)
    TIM_SetAutoreload                        0x08004131   Thumb Code     4  stm32f10x_tim.o(.text)
    TIM_SetCompare1                          0x08004135   Thumb Code     4  stm32f10x_tim.o(.text)
    TIM_SetCompare2                          0x08004139   Thumb Code     4  stm32f10x_tim.o(.text)
    TIM_SetCompare3                          0x0800413d   Thumb Code     4  stm32f10x_tim.o(.text)
    TIM_SetCompare4                          0x08004141   Thumb Code     6  stm32f10x_tim.o(.text)
    TIM_SetClockDivision                     0x08004147   Thumb Code    18  stm32f10x_tim.o(.text)
    TIM_GetCapture1                          0x08004159   Thumb Code     6  stm32f10x_tim.o(.text)
    TIM_GetCapture2                          0x0800415f   Thumb Code     6  stm32f10x_tim.o(.text)
    TIM_GetCapture3                          0x08004165   Thumb Code     6  stm32f10x_tim.o(.text)
    TIM_GetCapture4                          0x0800416b   Thumb Code     8  stm32f10x_tim.o(.text)
    TIM_GetCounter                           0x08004173   Thumb Code     6  stm32f10x_tim.o(.text)
    TIM_GetPrescaler                         0x08004179   Thumb Code     6  stm32f10x_tim.o(.text)
    TIM_GetFlagStatus                        0x0800417f   Thumb Code    18  stm32f10x_tim.o(.text)
    TIM_ClearFlag                            0x08004191   Thumb Code     6  stm32f10x_tim.o(.text)
    TIM_GetITStatus                          0x08004197   Thumb Code    34  stm32f10x_tim.o(.text)
    TIM_ClearITPendingBit                    0x080041b9   Thumb Code     6  stm32f10x_tim.o(.text)
    arm_cmplx_mag_f32                        0x080041c1   Thumb Code   306  arm_cmplx_mag_f32.o(.text)
    arm_radix4_butterfly_f32                 0x080042f5   Thumb Code  1364  arm_cfft_radix4_f32.o(.text)
    arm_radix4_butterfly_inverse_f32         0x08004849   Thumb Code  1442  arm_cfft_radix4_f32.o(.text)
    arm_cfft_radix4_f32                      0x08004deb   Thumb Code    62  arm_cfft_radix4_f32.o(.text)
    arm_cfft_radix4_init_f32                 0x08004e29   Thumb Code   142  arm_cfft_radix4_init_f32.o(.text)
    arm_bitreversal_f32                      0x08004ed1   Thumb Code   174  arm_bitreversal.o(.text)
    arm_bitreversal_q31                      0x08004f7f   Thumb Code   180  arm_bitreversal.o(.text)
    arm_bitreversal_q15                      0x08005033   Thumb Code   128  arm_bitreversal.o(.text)
    __use_no_semihosting                     0x080050b3   Thumb Code     2  use_no_semi_2.o(.text)
    __2printf                                0x080050b5   Thumb Code    20  noretval__2printf.o(.text)
    __printf                                 0x080050cd   Thumb Code   104  __printf.o(.text)
    _printf_int_hex                          0x08005135   Thumb Code    84  _printf_hex_int.o(.text)
    _printf_longlong_hex                     0x08005135   Thumb Code     0  _printf_hex_int.o(.text)
    __use_two_region_memory                  0x0800518d   Thumb Code     2  heapauxi.o(.text)
    __rt_heap_escrow$2region                 0x0800518f   Thumb Code     2  heapauxi.o(.text)
    __rt_heap_expand$2region                 0x08005191   Thumb Code     2  heapauxi.o(.text)
    __I$use$semihosting                      0x08005193   Thumb Code     0  use_no_semi.o(.text)
    __use_no_semihosting_swi                 0x08005193   Thumb Code     2  use_no_semi.o(.text)
    __read_errno                             0x08005195   Thumb Code    10  _rserrno.o(.text)
    __set_errno                              0x0800519f   Thumb Code    12  _rserrno.o(.text)
    _printf_int_common                       0x080051ab   Thumb Code   178  _printf_intcommon.o(.text)
    _printf_char_file                        0x0800525d   Thumb Code    32  _printf_char_file.o(.text)
    __aeabi_errno_addr                       0x08005281   Thumb Code     8  rt_errno_addr_intlibspace.o(.text)
    __errno$intlibspace                      0x08005281   Thumb Code     0  rt_errno_addr_intlibspace.o(.text)
    __rt_errno_addr$intlibspace              0x08005281   Thumb Code     0  rt_errno_addr_intlibspace.o(.text)
    _printf_char_common                      0x08005293   Thumb Code    32  _printf_char_common.o(.text)
    ferror                                   0x080052b9   Thumb Code     8  ferror.o(.text)
    __user_libspace                          0x080052c1   Thumb Code     8  libspace.o(.text)
    __user_perproc_libspace                  0x080052c1   Thumb Code     0  libspace.o(.text)
    __user_perthread_libspace                0x080052c1   Thumb Code     0  libspace.o(.text)
    __user_setup_stackheap                   0x080052c9   Thumb Code    74  sys_stackheap_outer.o(.text)
    exit                                     0x08005313   Thumb Code    12  exit.o(.text)
    __ARM_fpclassify                         0x0800531f   Thumb Code    40  fpclassify.o(i.__ARM_fpclassify)
    __kernel_poly                            0x08005347   Thumb Code   170  poly.o(i.__kernel_poly)
    __mathlib_dbl_divzero                    0x080053f1   Thumb Code    12  dunder.o(i.__mathlib_dbl_divzero)
    __mathlib_dbl_infnan                     0x08005401   Thumb Code     6  dunder.o(i.__mathlib_dbl_infnan)
    __mathlib_dbl_infnan2                    0x08005407   Thumb Code     4  dunder.o(i.__mathlib_dbl_infnan2)
    __mathlib_dbl_invalid                    0x0800540b   Thumb Code    12  dunder.o(i.__mathlib_dbl_invalid)
    __mathlib_dbl_overflow                   0x08005417   Thumb Code    14  dunder.o(i.__mathlib_dbl_overflow)
    __mathlib_dbl_underflow                  0x08005425   Thumb Code    10  dunder.o(i.__mathlib_dbl_underflow)
    exp                                      0x08005435   Thumb Code   554  exp.o(i.exp)
    floor                                    0x080056b9   Thumb Code   204  floor.o(i.floor)
    fmax                                     0x08005795   Thumb Code    66  fmax.o(i.fmax)
    fmin                                     0x080057d7   Thumb Code    66  fmin.o(i.fmin)
    pow                                      0x08005819   Thumb Code  2478  pow.o(i.pow)
    sqrt                                     0x080061d1   Thumb Code    76  sqrt.o(i.sqrt)
    sqrtf                                    0x0800621d   Thumb Code    44  sqrtf.o(i.sqrtf)
    __aeabi_d2f                              0x08006249   Thumb Code     0  d2f.o(x$fpl$d2f)
    _d2f                                     0x08006249   Thumb Code    98  d2f.o(x$fpl$d2f)
    __aeabi_dadd                             0x080062ad   Thumb Code     0  daddsub_clz.o(x$fpl$dadd)
    _dadd                                    0x080062ad   Thumb Code   332  daddsub_clz.o(x$fpl$dadd)
    __fpl_dcheck_NaN1                        0x080063fd   Thumb Code    10  dcheck1.o(x$fpl$dcheck1)
    __dcmp4                                  0x0800640d   Thumb Code    98  dcmp4.o(x$fpl$dcmp4)
    __ARM_dcmp4                              0x0800646f   Thumb Code     0  dcmp4.o(x$fpl$dcmp4)
    _dcmp4                                   0x0800646f   Thumb Code    60  dcmp4.o(x$fpl$dcmp4)
    __dcmp4e                                 0x080064ab   Thumb Code    98  dcmp4.o(x$fpl$dcmp4)
    __ARM_dcmp4e                             0x0800650d   Thumb Code     0  dcmp4.o(x$fpl$dcmp4)
    _dcmp4e                                  0x0800650d   Thumb Code    54  dcmp4.o(x$fpl$dcmp4)
    __fpl_dcmp_Inf                           0x08006543   Thumb Code    24  dcmpi.o(x$fpl$dcmpinf)
    __aeabi_ddiv                             0x0800655d   Thumb Code     0  ddiv.o(x$fpl$ddiv)
    _ddiv                                    0x0800655d   Thumb Code   552  ddiv.o(x$fpl$ddiv)
    __aeabi_d2iz                             0x0800680d   Thumb Code     0  dfix.o(x$fpl$dfix)
    _dfix                                    0x0800680d   Thumb Code    94  dfix.o(x$fpl$dfix)
    __aeabi_d2uiz                            0x0800686d   Thumb Code     0  dfixu.o(x$fpl$dfixu)
    _dfixu                                   0x0800686d   Thumb Code    90  dfixu.o(x$fpl$dfixu)
    __aeabi_i2d                              0x080068c7   Thumb Code     0  dflt_clz.o(x$fpl$dflt)
    _dflt                                    0x080068c7   Thumb Code    46  dflt_clz.o(x$fpl$dflt)
    __aeabi_ui2d                             0x080068f5   Thumb Code     0  dflt_clz.o(x$fpl$dfltu)
    _dfltu                                   0x080068f5   Thumb Code    38  dflt_clz.o(x$fpl$dfltu)
    __aeabi_cdcmple                          0x0800691d   Thumb Code     0  dleqf.o(x$fpl$dleqf)
    _dcmple                                  0x0800691d   Thumb Code   120  dleqf.o(x$fpl$dleqf)
    __fpl_dcmple_InfNaN                      0x0800697f   Thumb Code     0  dleqf.o(x$fpl$dleqf)
    __aeabi_dmul                             0x08006995   Thumb Code     0  dmul.o(x$fpl$dmul)
    _dmul                                    0x08006995   Thumb Code   332  dmul.o(x$fpl$dmul)
    __fpl_dnaninf                            0x08006ae9   Thumb Code   156  dnaninf.o(x$fpl$dnaninf)
    __fpl_dretinf                            0x08006b85   Thumb Code    12  dretinf.o(x$fpl$dretinf)
    __aeabi_cdrcmple                         0x08006b91   Thumb Code     0  drleqf.o(x$fpl$drleqf)
    _drcmple                                 0x08006b91   Thumb Code   108  drleqf.o(x$fpl$drleqf)
    __aeabi_drsub                            0x08006bfd   Thumb Code     0  daddsub_clz.o(x$fpl$drsb)
    _drsb                                    0x08006bfd   Thumb Code    22  daddsub_clz.o(x$fpl$drsb)
    _dsqrt                                   0x08006c15   Thumb Code   456  dsqrt_noumaal.o(x$fpl$dsqrt)
    __aeabi_dsub                             0x08006de1   Thumb Code     0  daddsub_clz.o(x$fpl$dsub)
    _dsub                                    0x08006de1   Thumb Code   464  daddsub_clz.o(x$fpl$dsub)
    __aeabi_f2d                              0x08006fb5   Thumb Code     0  f2d.o(x$fpl$f2d)
    _f2d                                     0x08006fb5   Thumb Code    86  f2d.o(x$fpl$f2d)
    __aeabi_fadd                             0x0800700d   Thumb Code     0  faddsub_clz.o(x$fpl$fadd)
    _fadd                                    0x0800700d   Thumb Code   196  faddsub_clz.o(x$fpl$fadd)
    __fpl_fcmp_Inf                           0x080070d1   Thumb Code    24  fcmpi.o(x$fpl$fcmpinf)
    __aeabi_fdiv                             0x080070e9   Thumb Code     0  fdiv.o(x$fpl$fdiv)
    _fdiv                                    0x080070e9   Thumb Code   384  fdiv.o(x$fpl$fdiv)
    __aeabi_cfcmpeq                          0x0800726d   Thumb Code     0  feqf.o(x$fpl$feqf)
    _fcmpeq                                  0x0800726d   Thumb Code   104  feqf.o(x$fpl$feqf)
    __aeabi_f2iz                             0x080072d5   Thumb Code     0  ffix.o(x$fpl$ffix)
    _ffix                                    0x080072d5   Thumb Code    54  ffix.o(x$fpl$ffix)
    __aeabi_i2f                              0x0800730d   Thumb Code     0  fflt_clz.o(x$fpl$fflt)
    _fflt                                    0x0800730d   Thumb Code    48  fflt_clz.o(x$fpl$fflt)
    __aeabi_cfcmple                          0x0800733d   Thumb Code     0  fleqf.o(x$fpl$fleqf)
    _fcmple                                  0x0800733d   Thumb Code   104  fleqf.o(x$fpl$fleqf)
    __fpl_fcmple_InfNaN                      0x0800738f   Thumb Code     0  fleqf.o(x$fpl$fleqf)
    __aeabi_fmul                             0x080073a5   Thumb Code     0  fmul.o(x$fpl$fmul)
    _fmul                                    0x080073a5   Thumb Code   258  fmul.o(x$fpl$fmul)
    __fpl_fnaninf                            0x080074a7   Thumb Code   140  fnaninf.o(x$fpl$fnaninf)
    __fpl_fretinf                            0x08007533   Thumb Code    10  fretinf.o(x$fpl$fretinf)
    __aeabi_cfrcmple                         0x0800753d   Thumb Code     0  frleqf.o(x$fpl$frleqf)
    _frcmple                                 0x0800753d   Thumb Code    98  frleqf.o(x$fpl$frleqf)
    _fsqrt                                   0x080075a1   Thumb Code   272  fsqrt.o(x$fpl$fsqrt)
    __aeabi_fsub                             0x080076b1   Thumb Code     0  faddsub_clz.o(x$fpl$fsub)
    _fsub                                    0x080076b1   Thumb Code   234  faddsub_clz.o(x$fpl$fsub)
    __fpl_return_NaN                         0x0800779b   Thumb Code   100  retnan.o(x$fpl$retnan)
    __ARM_scalbn                             0x080077ff   Thumb Code    92  scalbn.o(x$fpl$scalbn)
    __fpl_cmpreturn                          0x0800785b   Thumb Code    48  trapv.o(x$fpl$trapveneer)
    __I$use$fp                               0x0800788a   Number         0  usenofp.o(x$fpl$usenofp)
    armBitRevTable                           0x08009ba4   Data        2048  arm_common_tables.o(.constdata)
    twiddleCoef_4096                         0x0800a3a4   Data       32768  arm_common_tables.o(.constdata)
    __mathlib_zero                           0x080124b0   Data           8  qnan.o(.constdata)
    Region$$Table$$Base                      0x080124b8   Number         0  anon$$obj.o(Region$$Table)
    Region$$Table$$Limit                     0x080124d8   Number         0  anon$$obj.o(Region$$Table)
    ucRxCnt                                  0x20000000   Data           1  main.o(.data)
    uccRxCnt                                 0x20000001   Data           1  main.o(.data)
    ucccRxCnt                                0x20000002   Data           1  main.o(.data)
    adcx                                     0x20000004   Data           2  main.o(.data)
    v                                        0x20000006   Data           2  main.o(.data)
    v_ref                                    0x20000008   Data           2  main.o(.data)
    adcy                                     0x2000000a   Data           2  main.o(.data)
    f_key                                    0x2000000c   Data           4  main.o(.data)
    SysTick_count                            0x20000010   Data           4  main.o(.data)
    adc_r                                    0x20000014   Data           2  main.o(.data)
    actuation                                0x20000018   Data           4  main.o(.data)
    SystemCoreClock                          0x20000058   Data           4  system_stm32f10x.o(.data)
    AHBPrescTable                            0x2000005c   Data          16  system_stm32f10x.o(.data)
    class_output                             0x200000a0   Data           8  network_evaluate.o(.data)
    __stdout                                 0x200000b4   Data           4  usart.o(.data)
    USART_RX_STA                             0x200000b8   Data           2  usart.o(.data)
    uart_float                               0x20000a40   Data         128  scheduler.o(.bss)
    ffg                                      0x20000ac0   Data         128  scheduler.o(.bss)
    USART_RX_BUF                             0x20000c40   Data         200  usart.o(.bss)
    __libspace_start                         0x20001008   Data          96  libspace.o(.bss)
    __temporary_stack_top$libspace           0x20001068   Data           0  libspace.o(.bss)



==============================================================================

Memory Map of the image

  Image Entry point : 0x08000131

  Load Region LR_IROM1 (Base: 0x08000000, Size: 0x000125b0, Max: 0x00080000, ABSOLUTE)

    Execution Region ER_IROM1 (Base: 0x08000000, Size: 0x000124d8, Max: 0x00080000, ABSOLUTE)

    Base Addr    Size         Type   Attr      Idx    E Section Name        Object

    0x08000000   0x00000130   Data   RO          561    RESET               startup_stm32f10x_hd.o
    0x08000130   0x00000008   Code   RO          878  * !!!main             c_w.l(__main.o)
    0x08000138   0x00000034   Code   RO         1234    !!!scatter          c_w.l(__scatter.o)
    0x0800016c   0x0000001a   Code   RO         1236    !!handler_copy      c_w.l(__scatter_copy.o)
    0x08000186   0x00000002   PAD
    0x08000188   0x0000001c   Code   RO         1238    !!handler_zi        c_w.l(__scatter_zi.o)
    0x080001a4   0x00000000   Code   RO          873    .ARM.Collect$$_printf_percent$$00000000  c_w.l(_printf_percent.o)
    0x080001a4   0x00000006   Code   RO          872    .ARM.Collect$$_printf_percent$$0000000C  c_w.l(_printf_x.o)
    0x080001aa   0x00000004   Code   RO          999    .ARM.Collect$$_printf_percent$$00000017  c_w.l(_printf_percent_end.o)
    0x080001ae   0x00000002   Code   RO         1108    .ARM.Collect$$libinit$$00000000  c_w.l(libinit.o)
    0x080001b0   0x00000000   Code   RO         1114    .ARM.Collect$$libinit$$00000002  c_w.l(libinit2.o)
    0x080001b0   0x00000000   Code   RO         1116    .ARM.Collect$$libinit$$00000004  c_w.l(libinit2.o)
    0x080001b0   0x00000000   Code   RO         1119    .ARM.Collect$$libinit$$0000000A  c_w.l(libinit2.o)
    0x080001b0   0x00000000   Code   RO         1121    .ARM.Collect$$libinit$$0000000C  c_w.l(libinit2.o)
    0x080001b0   0x00000000   Code   RO         1123    .ARM.Collect$$libinit$$0000000E  c_w.l(libinit2.o)
    0x080001b0   0x00000000   Code   RO         1126    .ARM.Collect$$libinit$$00000011  c_w.l(libinit2.o)
    0x080001b0   0x00000000   Code   RO         1128    .ARM.Collect$$libinit$$00000013  c_w.l(libinit2.o)
    0x080001b0   0x00000000   Code   RO         1130    .ARM.Collect$$libinit$$00000015  c_w.l(libinit2.o)
    0x080001b0   0x00000000   Code   RO         1132    .ARM.Collect$$libinit$$00000017  c_w.l(libinit2.o)
    0x080001b0   0x00000000   Code   RO         1134    .ARM.Collect$$libinit$$00000019  c_w.l(libinit2.o)
    0x080001b0   0x00000000   Code   RO         1136    .ARM.Collect$$libinit$$0000001B  c_w.l(libinit2.o)
    0x080001b0   0x00000000   Code   RO         1138    .ARM.Collect$$libinit$$0000001D  c_w.l(libinit2.o)
    0x080001b0   0x00000000   Code   RO         1140    .ARM.Collect$$libinit$$0000001F  c_w.l(libinit2.o)
    0x080001b0   0x00000000   Code   RO         1142    .ARM.Collect$$libinit$$00000021  c_w.l(libinit2.o)
    0x080001b0   0x00000000   Code   RO         1144    .ARM.Collect$$libinit$$00000023  c_w.l(libinit2.o)
    0x080001b0   0x00000000   Code   RO         1146    .ARM.Collect$$libinit$$00000025  c_w.l(libinit2.o)
    0x080001b0   0x00000000   Code   RO         1150    .ARM.Collect$$libinit$$0000002C  c_w.l(libinit2.o)
    0x080001b0   0x00000000   Code   RO         1152    .ARM.Collect$$libinit$$0000002E  c_w.l(libinit2.o)
    0x080001b0   0x00000000   Code   RO         1154    .ARM.Collect$$libinit$$00000030  c_w.l(libinit2.o)
    0x080001b0   0x00000000   Code   RO         1156    .ARM.Collect$$libinit$$00000032  c_w.l(libinit2.o)
    0x080001b0   0x00000002   Code   RO         1157    .ARM.Collect$$libinit$$00000033  c_w.l(libinit2.o)
    0x080001b2   0x00000002   Code   RO         1177    .ARM.Collect$$libshutdown$$00000000  c_w.l(libshutdown.o)
    0x080001b4   0x00000000   Code   RO         1188    .ARM.Collect$$libshutdown$$00000003  c_w.l(libshutdown2.o)
    0x080001b4   0x00000000   Code   RO         1191    .ARM.Collect$$libshutdown$$00000006  c_w.l(libshutdown2.o)
    0x080001b4   0x00000000   Code   RO         1194    .ARM.Collect$$libshutdown$$00000009  c_w.l(libshutdown2.o)
    0x080001b4   0x00000000   Code   RO         1196    .ARM.Collect$$libshutdown$$0000000B  c_w.l(libshutdown2.o)
    0x080001b4   0x00000000   Code   RO         1199    .ARM.Collect$$libshutdown$$0000000E  c_w.l(libshutdown2.o)
    0x080001b4   0x00000002   Code   RO         1200    .ARM.Collect$$libshutdown$$0000000F  c_w.l(libshutdown2.o)
    0x080001b6   0x00000000   Code   RO          992    .ARM.Collect$$rtentry$$00000000  c_w.l(__rtentry.o)
    0x080001b6   0x00000000   Code   RO         1065    .ARM.Collect$$rtentry$$00000002  c_w.l(__rtentry2.o)
    0x080001b6   0x00000006   Code   RO         1077    .ARM.Collect$$rtentry$$00000004  c_w.l(__rtentry4.o)
    0x080001bc   0x00000000   Code   RO         1067    .ARM.Collect$$rtentry$$00000009  c_w.l(__rtentry2.o)
    0x080001bc   0x00000004   Code   RO         1068    .ARM.Collect$$rtentry$$0000000A  c_w.l(__rtentry2.o)
    0x080001c0   0x00000000   Code   RO         1070    .ARM.Collect$$rtentry$$0000000C  c_w.l(__rtentry2.o)
    0x080001c0   0x00000008   Code   RO         1071    .ARM.Collect$$rtentry$$0000000D  c_w.l(__rtentry2.o)
    0x080001c8   0x00000002   Code   RO         1111    .ARM.Collect$$rtexit$$00000000  c_w.l(rtexit.o)
    0x080001ca   0x00000000   Code   RO         1161    .ARM.Collect$$rtexit$$00000002  c_w.l(rtexit2.o)
    0x080001ca   0x00000004   Code   RO         1162    .ARM.Collect$$rtexit$$00000003  c_w.l(rtexit2.o)
    0x080001ce   0x00000006   Code   RO         1163    .ARM.Collect$$rtexit$$00000004  c_w.l(rtexit2.o)
    0x080001d4   0x00000188   Code   RO            1    .text               main.o
    0x0800035c   0x000002a4   Code   RO          156    .text               stm32f10x_it.o
    0x08000600   0x000001e0   Code   RO          198    .text               system_stm32f10x.o
    0x080007e0   0x00000054   Code   RO          216    .text               key.o
    0x08000834   0x000000e8   Code   RO          228    .text               adc.o
    0x0800091c   0x000003e8   Code   RO          240    .text               scheduler.o
    0x08000d04   0x000001c4   Code   RO          335    .text               network_evaluate.o
    0x08000ec8   0x000000d4   Code   RO          352    .text               delay.o
    0x08000f9c   0x00000140   Code   RO          383    .text               usart.o
    0x080010dc   0x0000026c   Code   RO          406    .text               myiic.o
    0x08001348   0x000003fc   Code   RO          418    .text               pca9685.o
    0x08001744   0x00000920   Code   RO          430    .text               myfeature.o
    0x08002064   0x00000128   Code   RO          522    .text               tim.o
    0x0800218c   0x000001a4   Code   RO          534    .text               uart3.o
    0x08002330   0x00000040   Code   RO          562    .text               startup_stm32f10x_hd.o
    0x08002370   0x000000dc   Code   RO          566    .text               misc.o
    0x0800244c   0x0000044e   Code   RO          578    .text               stm32f10x_adc.o
    0x0800289a   0x00000002   PAD
    0x0800289c   0x0000035c   Code   RO          602    .text               stm32f10x_gpio.o
    0x08002bf8   0x000003a4   Code   RO          614    .text               stm32f10x_rcc.o
    0x08002f9c   0x00000408   Code   RO          628    .text               stm32f10x_usart.o
    0x080033a4   0x00000e1a   Code   RO          652    .text               stm32f10x_tim.o
    0x080041be   0x00000002   PAD
    0x080041c0   0x00000132   Code   RO          666    .text               arm_cortexM3l_math.lib(arm_cmplx_mag_f32.o)
    0x080042f2   0x00000002   PAD
    0x080042f4   0x00000b34   Code   RO          708    .text               arm_cortexM3l_math.lib(arm_cfft_radix4_f32.o)
    0x08004e28   0x000000a8   Code   RO          728    .text               arm_cortexM3l_math.lib(arm_cfft_radix4_init_f32.o)
    0x08004ed0   0x000001e2   Code   RO          752    .text               arm_cortexM3l_math.lib(arm_bitreversal.o)
    0x080050b2   0x00000002   Code   RO          823    .text               c_w.l(use_no_semi_2.o)
    0x080050b4   0x00000018   Code   RO          827    .text               c_w.l(noretval__2printf.o)
    0x080050cc   0x00000068   Code   RO          829    .text               c_w.l(__printf.o)
    0x08005134   0x00000058   Code   RO          834    .text               c_w.l(_printf_hex_int.o)
    0x0800518c   0x00000006   Code   RO          876    .text               c_w.l(heapauxi.o)
    0x08005192   0x00000002   Code   RO          990    .text               c_w.l(use_no_semi.o)
    0x08005194   0x00000016   Code   RO          993    .text               c_w.l(_rserrno.o)
    0x080051aa   0x000000b2   Code   RO          995    .text               c_w.l(_printf_intcommon.o)
    0x0800525c   0x00000024   Code   RO          997    .text               c_w.l(_printf_char_file.o)
    0x08005280   0x00000008   Code   RO         1082    .text               c_w.l(rt_errno_addr_intlibspace.o)
    0x08005288   0x00000030   Code   RO         1084    .text               c_w.l(_printf_char_common.o)
    0x080052b8   0x00000008   Code   RO         1086    .text               c_w.l(ferror.o)
    0x080052c0   0x00000008   Code   RO         1094    .text               c_w.l(libspace.o)
    0x080052c8   0x0000004a   Code   RO         1097    .text               c_w.l(sys_stackheap_outer.o)
    0x08005312   0x0000000c   Code   RO         1101    .text               c_w.l(exit.o)
    0x0800531e   0x00000028   Code   RO         1043    i.__ARM_fpclassify  m_ws.l(fpclassify.o)
    0x08005346   0x000000aa   Code   RO         1061    i.__kernel_poly     m_ws.l(poly.o)
    0x080053f0   0x00000010   Code   RO         1029    i.__mathlib_dbl_divzero  m_ws.l(dunder.o)
    0x08005400   0x00000006   Code   RO         1030    i.__mathlib_dbl_infnan  m_ws.l(dunder.o)
    0x08005406   0x00000004   Code   RO         1031    i.__mathlib_dbl_infnan2  m_ws.l(dunder.o)
    0x0800540a   0x0000000c   Code   RO         1032    i.__mathlib_dbl_invalid  m_ws.l(dunder.o)
    0x08005416   0x0000000e   Code   RO         1033    i.__mathlib_dbl_overflow  m_ws.l(dunder.o)
    0x08005424   0x00000010   Code   RO         1035    i.__mathlib_dbl_underflow  m_ws.l(dunder.o)
    0x08005434   0x00000284   Code   RO          947    i.exp               m_ws.l(exp.o)
    0x080056b8   0x000000dc   Code   RO          957    i.floor             m_ws.l(floor.o)
    0x08005794   0x00000042   Code   RO          960    i.fmax              m_ws.l(fmax.o)
    0x080057d6   0x00000042   Code   RO          988    i.fmin              m_ws.l(fmin.o)
    0x08005818   0x000009b8   Code   RO          963    i.pow               m_ws.l(pow.o)
    0x080061d0   0x0000004c   Code   RO          973    i.sqrt              m_ws.l(sqrt.o)
    0x0800621c   0x0000002c   Code   RO          981    i.sqrtf             m_ws.l(sqrtf.o)
    0x08006248   0x00000062   Code   RO          880    x$fpl$d2f           fz_ws.l(d2f.o)
    0x080062aa   0x00000002   PAD
    0x080062ac   0x00000150   Code   RO          882    x$fpl$dadd          fz_ws.l(daddsub_clz.o)
    0x080063fc   0x00000010   Code   RO         1090    x$fpl$dcheck1       fz_ws.l(dcheck1.o)
    0x0800640c   0x00000136   Code   RO         1002    x$fpl$dcmp4         fz_ws.l(dcmp4.o)
    0x08006542   0x00000018   Code   RO         1004    x$fpl$dcmpinf       fz_ws.l(dcmpi.o)
    0x0800655a   0x00000002   PAD
    0x0800655c   0x000002b0   Code   RO          889    x$fpl$ddiv          fz_ws.l(ddiv.o)
    0x0800680c   0x0000005e   Code   RO         1006    x$fpl$dfix          fz_ws.l(dfix.o)
    0x0800686a   0x00000002   PAD
    0x0800686c   0x0000005a   Code   RO          892    x$fpl$dfixu         fz_ws.l(dfixu.o)
    0x080068c6   0x0000002e   Code   RO          897    x$fpl$dflt          fz_ws.l(dflt_clz.o)
    0x080068f4   0x00000026   Code   RO          896    x$fpl$dfltu         fz_ws.l(dflt_clz.o)
    0x0800691a   0x00000002   PAD
    0x0800691c   0x00000078   Code   RO          902    x$fpl$dleqf         fz_ws.l(dleqf.o)
    0x08006994   0x00000154   Code   RO          904    x$fpl$dmul          fz_ws.l(dmul.o)
    0x08006ae8   0x0000009c   Code   RO         1010    x$fpl$dnaninf       fz_ws.l(dnaninf.o)
    0x08006b84   0x0000000c   Code   RO         1012    x$fpl$dretinf       fz_ws.l(dretinf.o)
    0x08006b90   0x0000006c   Code   RO          906    x$fpl$drleqf        fz_ws.l(drleqf.o)
    0x08006bfc   0x00000016   Code   RO          883    x$fpl$drsb          fz_ws.l(daddsub_clz.o)
    0x08006c12   0x00000002   PAD
    0x08006c14   0x000001cc   Code   RO         1014    x$fpl$dsqrt         fz_ws.l(dsqrt_noumaal.o)
    0x08006de0   0x000001d4   Code   RO          884    x$fpl$dsub          fz_ws.l(daddsub_clz.o)
    0x08006fb4   0x00000056   Code   RO          908    x$fpl$f2d           fz_ws.l(f2d.o)
    0x0800700a   0x00000002   PAD
    0x0800700c   0x000000c4   Code   RO          910    x$fpl$fadd          fz_ws.l(faddsub_clz.o)
    0x080070d0   0x00000018   Code   RO         1016    x$fpl$fcmpinf       fz_ws.l(fcmpi.o)
    0x080070e8   0x00000184   Code   RO          917    x$fpl$fdiv          fz_ws.l(fdiv.o)
    0x0800726c   0x00000068   Code   RO          920    x$fpl$feqf          fz_ws.l(feqf.o)
    0x080072d4   0x00000036   Code   RO          922    x$fpl$ffix          fz_ws.l(ffix.o)
    0x0800730a   0x00000002   PAD
    0x0800730c   0x00000030   Code   RO          927    x$fpl$fflt          fz_ws.l(fflt_clz.o)
    0x0800733c   0x00000068   Code   RO          932    x$fpl$fleqf         fz_ws.l(fleqf.o)
    0x080073a4   0x00000102   Code   RO          934    x$fpl$fmul          fz_ws.l(fmul.o)
    0x080074a6   0x0000008c   Code   RO         1018    x$fpl$fnaninf       fz_ws.l(fnaninf.o)
    0x08007532   0x0000000a   Code   RO         1020    x$fpl$fretinf       fz_ws.l(fretinf.o)
    0x0800753c   0x00000062   Code   RO          936    x$fpl$frleqf        fz_ws.l(frleqf.o)
    0x0800759e   0x00000002   PAD
    0x080075a0   0x00000110   Code   RO         1022    x$fpl$fsqrt         fz_ws.l(fsqrt.o)
    0x080076b0   0x000000ea   Code   RO          912    x$fpl$fsub          fz_ws.l(faddsub_clz.o)
    0x0800779a   0x00000064   Code   RO         1109    x$fpl$retnan        fz_ws.l(retnan.o)
    0x080077fe   0x0000005c   Code   RO         1024    x$fpl$scalbn        fz_ws.l(scalbn.o)
    0x0800785a   0x00000030   Code   RO         1158    x$fpl$trapveneer    fz_ws.l(trapv.o)
    0x0800788a   0x00000000   Code   RO         1028    x$fpl$usenofp       fz_ws.l(usenofp.o)
    0x0800788a   0x00000002   PAD
    0x0800788c   0x00002318   Data   RO          337    .constdata          network_evaluate.o
    0x08009ba4   0x00000800   Data   RO          772    .constdata          arm_cortexM3l_math.lib(arm_common_tables.o)
    0x0800a3a4   0x00008000   Data   RO          781    .constdata          arm_cortexM3l_math.lib(arm_common_tables.o)
    0x080123a4   0x00000028   Data   RO          835    .constdata          c_w.l(_printf_hex_int.o)
    0x080123cc   0x00000004   PAD
    0x080123d0   0x00000058   Data   RO          948    .constdata          m_ws.l(exp.o)
    0x08012428   0x00000088   Data   RO          964    .constdata          m_ws.l(pow.o)
    0x080124b0   0x00000008   Data   RO         1063    .constdata          m_ws.l(qnan.o)
    0x080124b8   0x00000020   Data   RO         1232    Region$$Table       anon$$obj.o


    Execution Region RW_IRAM1 (Base: 0x20000000, Size: 0x00001668, Max: 0x00010000, ABSOLUTE)

    Base Addr    Size         Type   Attr      Idx    E Section Name        Object

    0x20000000   0x00000020   Data   RW            3    .data               main.o
    0x20000020   0x00000038   Data   RW          157    .data               stm32f10x_it.o
    0x20000058   0x00000014   Data   RW          199    .data               system_stm32f10x.o
    0x2000006c   0x00000033   Data   RW          242    .data               scheduler.o
    0x2000009f   0x00000001   PAD
    0x200000a0   0x00000010   Data   RW          338    .data               network_evaluate.o
    0x200000b0   0x00000004   Data   RW          353    .data               delay.o
    0x200000b4   0x00000006   Data   RW          385    .data               usart.o
    0x200000ba   0x00000002   PAD
    0x200000bc   0x00000008   Data   RW          536    .data               uart3.o
    0x200000c4   0x00000014   Data   RW          615    .data               stm32f10x_rcc.o
    0x200000d8   0x000003e8   Zero   RW            2    .bss                main.o
    0x200004c0   0x00000680   Zero   RW          241    .bss                scheduler.o
    0x20000b40   0x00000100   Zero   RW          336    .bss                network_evaluate.o
    0x20000c40   0x000000c8   Zero   RW          384    .bss                usart.o
    0x20000d08   0x00000200   Zero   RW          431    .bss                myfeature.o
    0x20000f08   0x00000100   Zero   RW          535    .bss                uart3.o
    0x20001008   0x00000060   Zero   RW         1095    .bss                c_w.l(libspace.o)
    0x20001068   0x00000200   Zero   RW          560    HEAP                startup_stm32f10x_hd.o
    0x20001268   0x00000400   Zero   RW          559    STACK               startup_stm32f10x_hd.o


==============================================================================

Image component sizes


      Code (inc. data)   RO Data    RW Data    ZI Data      Debug   Object Name

       232          8          0          0          0       1071   adc.o
       212         18          0          4          0       1023   delay.o
        84          6          0          0          0        656   key.o
       392         24          0         32       1000     265522   main.o
       220         22          0          0          0       1801   misc.o
      2336         34          0          0        512      19761   myfeature.o
       620         14          0          0          0       1852   myiic.o
       452         36       8984         16        256       2401   network_evaluate.o
      1020         50          0          0          0       2149   pca9685.o
      1000        138          0         51       1664     206341   scheduler.o
        64         26        304          0       1536        796   startup_stm32f10x_hd.o
      1102         26          0          0          0      10833   stm32f10x_adc.o
       860         38          0          0          0       5645   stm32f10x_gpio.o
       676        356          0         56          0       1782   stm32f10x_it.o
       932         36          0         20          0       8812   stm32f10x_rcc.o
      3610         88          0          0          0      22128   stm32f10x_tim.o
      1032         22          0          0          0       8368   stm32f10x_usart.o
         0          0          0          0          0         32   sys.o
       480         38          0         20          0       1739   system_stm32f10x.o
       296         10          0          0          0        894   tim.o
       420         26          0          8        256       2074   uart3.o
       320         16          0          6        200       3146   usart.o

    ----------------------------------------------------------------------
     16364       1032       9320        216       5424     568826   Object Totals
         0          0         32          0          0          0   (incl. Generated)
         4          0          0          3          0          0   (incl. Padding)

    ----------------------------------------------------------------------

      Code (inc. data)   RO Data    RW Data    ZI Data      Debug   Library Member Name

       482          0          0          0          0       2042   arm_bitreversal.o
      2868          0          0          0          0       4260   arm_cfft_radix4_f32.o
       168         26          0          0          0        711   arm_cfft_radix4_init_f32.o
       306          0          0          0          0      17828   arm_cmplx_mag_f32.o
         0          0      34816          0          0       2517   arm_common_tables.o
         8          0          0          0          0         68   __main.o
       104          0          0          0          0         84   __printf.o
         0          0          0          0          0          0   __rtentry.o
        12          0          0          0          0          0   __rtentry2.o
         6          0          0          0          0          0   __rtentry4.o
        52          8          0          0          0          0   __scatter.o
        26          0          0          0          0          0   __scatter_copy.o
        28          0          0          0          0          0   __scatter_zi.o
        48          6          0          0          0         96   _printf_char_common.o
        36          4          0          0          0         80   _printf_char_file.o
        88          4         40          0          0         88   _printf_hex_int.o
       178          0          0          0          0         88   _printf_intcommon.o
         0          0          0          0          0          0   _printf_percent.o
         4          0          0          0          0          0   _printf_percent_end.o
         6          0          0          0          0          0   _printf_x.o
        22          0          0          0          0        100   _rserrno.o
        12          0          0          0          0         72   exit.o
         8          0          0          0          0         68   ferror.o
         6          0          0          0          0        152   heapauxi.o
         2          0          0          0          0          0   libinit.o
         2          0          0          0          0          0   libinit2.o
         2          0          0          0          0          0   libshutdown.o
         2          0          0          0          0          0   libshutdown2.o
         8          4          0          0         96         68   libspace.o
        24          4          0          0          0         84   noretval__2printf.o
         8          4          0          0          0         68   rt_errno_addr_intlibspace.o
         2          0          0          0          0          0   rtexit.o
        10          0          0          0          0          0   rtexit2.o
        74          0          0          0          0         80   sys_stackheap_outer.o
         2          0          0          0          0         68   use_no_semi.o
         2          0          0          0          0         68   use_no_semi_2.o
        98          4          0          0          0         92   d2f.o
       826         16          0          0          0        348   daddsub_clz.o
        16          4          0          0          0         68   dcheck1.o
       310          8          0          0          0        180   dcmp4.o
        24          0          0          0          0         68   dcmpi.o
       688        140          0          0          0        208   ddiv.o
        94          4          0          0          0         92   dfix.o
        90          4          0          0          0         92   dfixu.o
        84          0          0          0          0        136   dflt_clz.o
       120          4          0          0          0         92   dleqf.o
       340         12          0          0          0        104   dmul.o
       156          4          0          0          0         92   dnaninf.o
        12          0          0          0          0         68   dretinf.o
       108          0          0          0          0         80   drleqf.o
       460         56          0          0          0        120   dsqrt_noumaal.o
        86          4          0          0          0         84   f2d.o
       430          8          0          0          0        168   faddsub_clz.o
        24          0          0          0          0         68   fcmpi.o
       388         76          0          0          0         96   fdiv.o
       104          4          0          0          0         84   feqf.o
        54          4          0          0          0         84   ffix.o
        48          0          0          0          0         68   fflt_clz.o
       104          4          0          0          0         84   fleqf.o
       258          4          0          0          0         84   fmul.o
       140          4          0          0          0         84   fnaninf.o
        10          0          0          0          0         68   fretinf.o
        98          0          0          0          0         68   frleqf.o
       272        100          0          0          0         88   fsqrt.o
       100          0          0          0          0         68   retnan.o
        92          0          0          0          0         68   scalbn.o
        48          0          0          0          0         68   trapv.o
         0          0          0          0          0          0   usenofp.o
        68         10          0          0          0        408   dunder.o
       644         90         88          0          0        204   exp.o
       220         16          0          0          0         84   floor.o
        66          0          0          0          0         84   fmax.o
        66          0          0          0          0         84   fmin.o
        40          0          0          0          0         68   fpclassify.o
       170          0          0          0          0         96   poly.o
      2488        190        136          0          0        300   pow.o
         0          0          8          0          0          0   qnan.o
        76          0          0          0          0         84   sqrt.o
        44          0          0          0          0         80   sqrtf.o

    ----------------------------------------------------------------------
     14192        830      35092          0         96      33354   Library Totals
        22          0          4          0          0          0   (incl. Padding)

    ----------------------------------------------------------------------

      Code (inc. data)   RO Data    RW Data    ZI Data      Debug   Library Name

      3824         26      34816          0          0      27358   arm_cortexM3l_math.lib
       782         34         40          0         96       1332   c_w.l
      5682        464          0          0          0       3172   fz_ws.l
      3882        306        232          0          0       1492   m_ws.l

    ----------------------------------------------------------------------
     14192        830      35092          0         96      33354   Library Totals

    ----------------------------------------------------------------------

==============================================================================


      Code (inc. data)   RO Data    RW Data    ZI Data      Debug   

     30556       1862      44412        216       5520     597132   Grand Totals
     30556       1862      44412        216       5520     597132   ELF Image Totals
     30556       1862      44412        216          0          0   ROM Totals

==============================================================================

    Total RO  Size (Code + RO Data)                74968 (  73.21kB)
    Total RW  Size (RW Data + ZI Data)              5736 (   5.60kB)
    Total ROM Size (Code + RO Data + RW Data)      75184 (  73.42kB)

==============================================================================

